Component: Arm Compiler for Embedded 6.22 Tool: armlink [5ee90200]

==============================================================================

Section Cross References

    main.o(.text.main) refers to pll.o(.text.PLL_Init) for PLL_Init
    main.o(.text.main) refers to main.o(.rodata.str1.1) for .L.str
    main.o(.text.main) refers to my_st7735.o(.text.ST7735_OutString) for ST7735_OutString
    main.o(.text.main) refers to my_st7735.o(.text.ST7735_FillScreen) for ST7735_FillScreen
    main.o(.text.main) refers to main.o(.rodata.Logo) for Logo
    main.o(.text.main) refers to my_st7735.o(.text.ST7735_DrawBitmap) for ST7735_DrawBitmap
    main.o(.text.main) refers to my_st7735.o(.text.ST7735_SetCursor) for ST7735_SetCursor
    main.o(.text.main) refers to main.o(.rodata.TestData) for TestData
    main.o(.text.main) refers to my_st7735.o(.text.ST7735_OutUDec) for ST7735_OutUDec
    main.o(.text.main) refers to my_st7735.o(.text.ST7735_OutFix) for ST7735_OutFix
    main.o(.ARM.exidx.text.main) refers to main.o(.text.main) for [Anonymous Symbol]
    pll.o(.ARM.exidx.text.PLL_Init) refers to pll.o(.text.PLL_Init) for [Anonymous Symbol]
    my_st7735.o(.ARM.exidx.text.My_GPIO_Init) refers to my_st7735.o(.text.My_GPIO_Init) for [Anonymous Symbol]
    my_st7735.o(.ARM.exidx.text.SPI1_Init) refers to my_st7735.o(.text.SPI1_Init) for [Anonymous Symbol]
    my_st7735.o(.ARM.exidx.text.SPI1_Transmit) refers to my_st7735.o(.text.SPI1_Transmit) for [Anonymous Symbol]
    my_st7735.o(.text.ST7735_WriteCommand) refers to my_st7735.o(.text.SPI1_Transmit) for SPI1_Transmit
    my_st7735.o(.ARM.exidx.text.ST7735_WriteCommand) refers to my_st7735.o(.text.ST7735_WriteCommand) for [Anonymous Symbol]
    my_st7735.o(.text.ST7735_WriteData) refers to my_st7735.o(.text.SPI1_Transmit) for SPI1_Transmit
    my_st7735.o(.ARM.exidx.text.ST7735_WriteData) refers to my_st7735.o(.text.ST7735_WriteData) for [Anonymous Symbol]
    my_st7735.o(.ARM.exidx.text.ST7735_Reset) refers to my_st7735.o(.text.ST7735_Reset) for [Anonymous Symbol]
    my_st7735.o(.ARM.exidx.text.Delay1ms) refers to my_st7735.o(.text.Delay1ms) for [Anonymous Symbol]
    my_st7735.o(.text.ST7735_CommonInit) refers to my_st7735.o(.text.ST7735_Reset) for ST7735_Reset
    my_st7735.o(.text.ST7735_CommonInit) refers to my_st7735.o(.text.ST7735_WriteCommand) for ST7735_WriteCommand
    my_st7735.o(.text.ST7735_CommonInit) refers to my_st7735.o(.text.ST7735_WriteData) for ST7735_WriteData
    my_st7735.o(.ARM.exidx.text.ST7735_CommonInit) refers to my_st7735.o(.text.ST7735_CommonInit) for [Anonymous Symbol]
    my_st7735.o(.text.ST7735_InitB) refers to my_st7735.o(.rodata.Bcmd) for Bcmd
    my_st7735.o(.text.ST7735_InitB) refers to my_st7735.o(.text.ST7735_CommonInit) for ST7735_CommonInit
    my_st7735.o(.text.ST7735_InitB) refers to my_st7735.o(.text.ST7735_SetCursor) for ST7735_SetCursor
    my_st7735.o(.text.ST7735_InitB) refers to my_st7735.o(.data.StTextColor) for StTextColor
    my_st7735.o(.text.ST7735_InitB) refers to my_st7735.o(.text.ST7735_FillScreen) for ST7735_FillScreen
    my_st7735.o(.ARM.exidx.text.ST7735_InitB) refers to my_st7735.o(.text.ST7735_InitB) for [Anonymous Symbol]
    my_st7735.o(.text.ST7735_SetCursor) refers to my_st7735.o(.bss.StX) for StX
    my_st7735.o(.text.ST7735_SetCursor) refers to my_st7735.o(.bss.StY) for StY
    my_st7735.o(.ARM.exidx.text.ST7735_SetCursor) refers to my_st7735.o(.text.ST7735_SetCursor) for [Anonymous Symbol]
    my_st7735.o(.text.ST7735_FillScreen) refers to my_st7735.o(.data._width) for _width
    my_st7735.o(.text.ST7735_FillScreen) refers to my_st7735.o(.data._height) for _height
    my_st7735.o(.text.ST7735_FillScreen) refers to my_st7735.o(.text.ST7735_FillRect) for ST7735_FillRect
    my_st7735.o(.ARM.exidx.text.ST7735_FillScreen) refers to my_st7735.o(.text.ST7735_FillScreen) for [Anonymous Symbol]
    my_st7735.o(.text.ST7735_InitR) refers to my_st7735.o(.rodata.Rcmd1) for Rcmd1
    my_st7735.o(.text.ST7735_InitR) refers to my_st7735.o(.text.ST7735_CommonInit) for ST7735_CommonInit
    my_st7735.o(.text.ST7735_InitR) refers to my_st7735.o(.rodata.Rcmd2green) for Rcmd2green
    my_st7735.o(.text.ST7735_InitR) refers to my_st7735.o(.text.commandList) for commandList
    my_st7735.o(.text.ST7735_InitR) refers to my_st7735.o(.bss.ColStart) for ColStart
    my_st7735.o(.text.ST7735_InitR) refers to my_st7735.o(.bss.RowStart) for RowStart
    my_st7735.o(.text.ST7735_InitR) refers to my_st7735.o(.rodata.Rcmd2red) for Rcmd2red
    my_st7735.o(.text.ST7735_InitR) refers to my_st7735.o(.rodata.Rcmd3) for Rcmd3
    my_st7735.o(.text.ST7735_InitR) refers to my_st7735.o(.text.ST7735_WriteCommand) for ST7735_WriteCommand
    my_st7735.o(.text.ST7735_InitR) refers to my_st7735.o(.text.ST7735_WriteData) for ST7735_WriteData
    my_st7735.o(.text.ST7735_InitR) refers to my_st7735.o(.bss.TabColor) for TabColor
    my_st7735.o(.text.ST7735_InitR) refers to my_st7735.o(.text.ST7735_SetCursor) for ST7735_SetCursor
[...]
    libshutdown.o(.ARM.Collect$$libshutdown$$00000000) refers (Special) to libshutdown2.o(.ARM.Collect$$libshutdown$$00000004) for __rt_lib_shutdown_stdio_1
    libshutdown.o(.ARM.Collect$$libshutdown$$00000000) refers (Special) to libshutdown2.o(.ARM.Collect$$libshutdown$$0000000C) for __rt_lib_shutdown_user_alloc_1
    sys_command.o(.text) refers (Special) to use_no_semi.o(.text) for __I$use$semihosting
    sys_command.o(.text) refers (Special) to indicate_semi.o(.text) for __semihosting_library_function
    sys_command_hlt.o(.text) refers (Special) to use_no_semi.o(.text) for __I$use$semihosting
    sys_command_hlt.o(.text) refers (Special) to indicate_semi.o(.text) for __semihosting_library_function
    defsig_rtmem_outer.o(.text) refers to defsig_rtmem_inner.o(.text) for __rt_SIGRTMEM_inner
    defsig_rtmem_outer.o(.text) refers to defsig_exit.o(.text) for __sig_exit
    defsig_rtmem_formal.o(.text) refers to rt_raise.o(.text) for __rt_raise
    rt_raise.o(.text) refers to __raise.o(.text) for __raise
    rt_raise.o(.text) refers to sys_exit.o(.text) for _sys_exit
    defsig_exit.o(.text) refers to sys_exit.o(.text) for _sys_exit
    defsig_rtmem_inner.o(.text) refers to defsig_general.o(.text) for __default_signal_display
    __raise.o(.text) refers to defsig.o(CL$$defsig) for __default_signal_handler
    defsig_general.o(.text) refers to sys_wrch.o(.text) for _ttywrch
    sys_wrch.o(.text) refers (Special) to use_no_semi.o(.text) for __I$use$semihosting
    sys_wrch.o(.text) refers (Special) to indicate_semi.o(.text) for __semihosting_library_function
    sys_wrch_hlt.o(.text) refers (Special) to use_no_semi.o(.text) for __I$use$semihosting
    sys_wrch_hlt.o(.text) refers (Special) to indicate_semi.o(.text) for __semihosting_library_function
    defsig.o(CL$$defsig) refers to defsig_rtmem_inner.o(.text) for __rt_SIGRTMEM_inner
    defsig_abrt_inner.o(.text) refers to defsig_general.o(.text) for __default_signal_display
    defsig_fpe_inner.o(.text) refers to defsig_general.o(.text) for __default_signal_display
    defsig_rtred_inner.o(.text) refers to defsig_general.o(.text) for __default_signal_display
    defsig_stak_inner.o(.text) refers to defsig_general.o(.text) for __default_signal_display
    defsig_pvfn_inner.o(.text) refers to defsig_general.o(.text) for __default_signal_display
    defsig_cppl_inner.o(.text) refers to defsig_general.o(.text) for __default_signal_display
    defsig_segv_inner.o(.text) refers to defsig_general.o(.text) for __default_signal_display
    defsig_other.o(.text) refers to defsig_general.o(.text) for __default_signal_display


==============================================================================

Removing Unused input sections from the image.

    Removing main.o(.text), (0 bytes).
    Removing main.o(.ARM.exidx.text.main), (8 bytes).
    Removing main.o(.ARM.use_no_argv), (4 bytes).
    Removing pll.o(.text), (0 bytes).
    Removing pll.o(.ARM.exidx.text.PLL_Init), (8 bytes).
    Removing io.o(.text), (0 bytes).
    Removing my_st7735.o(.text), (0 bytes).
    Removing my_st7735.o(.text.My_GPIO_Init), (112 bytes).
    Removing my_st7735.o(.ARM.exidx.text.My_GPIO_Init), (8 bytes).
    Removing my_st7735.o(.text.SPI1_Init), (78 bytes).
    Removing my_st7735.o(.ARM.exidx.text.SPI1_Init), (8 bytes).
    Removing my_st7735.o(.ARM.exidx.text.SPI1_Transmit), (8 bytes).
    Removing my_st7735.o(.ARM.exidx.text.ST7735_WriteCommand), (8 bytes).
    Removing my_st7735.o(.ARM.exidx.text.ST7735_WriteData), (8 bytes).
    Removing my_st7735.o(.text.ST7735_Reset), (150 bytes).
    Removing my_st7735.o(.ARM.exidx.text.ST7735_Reset), (8 bytes).
    Removing my_st7735.o(.text.Delay1ms), (46 bytes).
    Removing my_st7735.o(.ARM.exidx.text.Delay1ms), (8 bytes).
    Removing my_st7735.o(.text.ST7735_CommonInit), (118 bytes).
    Removing my_st7735.o(.ARM.exidx.text.ST7735_CommonInit), (8 bytes).
    Removing my_st7735.o(.text.ST7735_InitB), (50 bytes).
    Removing my_st7735.o(.ARM.exidx.text.ST7735_InitB), (8 bytes).
    Removing my_st7735.o(.ARM.exidx.text.ST7735_SetCursor), (8 bytes).
    Removing my_st7735.o(.ARM.exidx.text.ST7735_FillScreen), (8 bytes).
    Removing my_st7735.o(.text.ST7735_InitR), (166 bytes).
    Removing my_st7735.o(.ARM.exidx.text.ST7735_InitR), (8 bytes).
    Removing my_st7735.o(.text.commandList), (170 bytes).
    Removing my_st7735.o(.ARM.exidx.text.commandList), (8 bytes).
    Removing my_st7735.o(.ARM.exidx.text.ST7735_DrawPixel), (8 bytes).
    Removing my_st7735.o(.ARM.exidx.text.setAddrWindow), (8 bytes).
    Removing my_st7735.o(.ARM.exidx.text.pushColor), (8 bytes).
    Removing my_st7735.o(.text.ST7735_DrawFastVLine), (198 bytes).
    Removing my_st7735.o(.ARM.exidx.text.ST7735_DrawFastVLine), (8 bytes).
    Removing my_st7735.o(.text.ST7735_DrawFastHLine), (198 bytes).
    Removing my_st7735.o(.ARM.exidx.text.ST7735_DrawFastHLine), (8 bytes).
    Removing my_st7735.o(.ARM.exidx.text.ST7735_FillRect), (8 bytes).
    Removing my_st7735.o(.text.ST7735_DrawSmallCircle), (218 bytes).
    Removing my_st7735.o(.ARM.exidx.text.ST7735_DrawSmallCircle), (8 bytes).
    Removing my_st7735.o(.text.deselect), (36 bytes).
    Removing my_st7735.o(.ARM.exidx.text.deselect), (8 bytes).
    Removing my_st7735.o(.text.ST7735_DrawCircle), (218 bytes).
    Removing my_st7735.o(.ARM.exidx.text.ST7735_DrawCircle), (8 bytes).
    Removing my_st7735.o(.text.ST7735_Color565), (48 bytes).
    Removing my_st7735.o(.ARM.exidx.text.ST7735_Color565), (8 bytes).
    Removing my_st7735.o(.text.ST7735_SwapColor), (28 bytes).
    Removing my_st7735.o(.ARM.exidx.text.ST7735_SwapColor), (8 bytes).
    Removing my_st7735.o(.ARM.exidx.text.ST7735_DrawBitmap), (8 bytes).
    Removing my_st7735.o(.ARM.exidx.text.ST7735_DrawCharS), (8 bytes).
    Removing my_st7735.o(.text.ST7735_DrawChar), (428 bytes).
    Removing my_st7735.o(.ARM.exidx.text.ST7735_DrawChar), (8 bytes).
    Removing my_st7735.o(.ARM.exidx.text.ST7735_DrawString), (8 bytes).
    Removing my_st7735.o(.ARM.exidx.text.ST7735_OutUDec), (8 bytes).
    Removing my_st7735.o(.ARM.exidx.text.ST7735_OutFix), (8 bytes).
    Removing my_st7735.o(.text.ST7735_SetRotation), (290 bytes).
    Removing my_st7735.o(.ARM.exidx.text.ST7735_SetRotation), (8 bytes).
    Removing my_st7735.o(.text.ST7735_InvertDisplay), (32 bytes).
    Removing my_st7735.o(.ARM.exidx.text.ST7735_InvertDisplay), (8 bytes).
    Removing my_st7735.o(.text.ST7735_PlotClear), (144 bytes).
    Removing my_st7735.o(.ARM.exidx.text.ST7735_PlotClear), (8 bytes).
    Removing my_st7735.o(.text.ST7735_PlotPoint), (222 bytes).
    Removing my_st7735.o(.ARM.exidx.text.ST7735_PlotPoint), (8 bytes).
    Removing my_st7735.o(.text.ST7735_PlotLine), (462 bytes).
    Removing my_st7735.o(.ARM.exidx.text.ST7735_PlotLine), (8 bytes).
    Removing my_st7735.o(.text.ST7735_PlotPoints), (314 bytes).
    Removing my_st7735.o(.ARM.exidx.text.ST7735_PlotPoints), (8 bytes).
    Removing my_st7735.o(.text.ST7735_PlotBar), (138 bytes).
    Removing my_st7735.o(.ARM.exidx.text.ST7735_PlotBar), (8 bytes).
    Removing my_st7735.o(.text.ST7735_PlotdBfs), (96 bytes).
    Removing my_st7735.o(.ARM.exidx.text.ST7735_PlotdBfs), (8 bytes).
    Removing my_st7735.o(.text.ST7735_PlotNext), (48 bytes).
    Removing my_st7735.o(.ARM.exidx.text.ST7735_PlotNext), (8 bytes).
    Removing my_st7735.o(.text.ST7735_PlotNextErase), (90 bytes).
    Removing my_st7735.o(.ARM.exidx.text.ST7735_PlotNextErase), (8 bytes).
    Removing my_st7735.o(.ARM.exidx.text.ST7735_OutChar), (8 bytes).
    Removing my_st7735.o(.ARM.exidx.text.ST7735_OutString), (8 bytes).
    Removing my_st7735.o(.text.ST7735_SetTextColor), (24 bytes).
    Removing my_st7735.o(.ARM.exidx.text.ST7735_SetTextColor), (8 bytes).
    Removing my_st7735.o(.text.fputc), (22 bytes).
    Removing my_st7735.o(.ARM.exidx.text.fputc), (8 bytes).
    Removing my_st7735.o(.text.fgetc), (10 bytes).
    Removing my_st7735.o(.ARM.exidx.text.fgetc), (8 bytes).
    Removing my_st7735.o(.text.ferror), (12 bytes).
    Removing my_st7735.o(.ARM.exidx.text.ferror), (8 bytes).
    Removing my_st7735.o(.text.Output_Init), (16 bytes).
    Removing my_st7735.o(.ARM.exidx.text.Output_Init), (8 bytes).
    Removing my_st7735.o(.text.Output_Clear), (10 bytes).
    Removing my_st7735.o(.ARM.exidx.text.Output_Clear), (8 bytes).
    Removing my_st7735.o(.text.Output_Off), (8 bytes).
    Removing my_st7735.o(.ARM.exidx.text.Output_Off), (8 bytes).
    Removing my_st7735.o(.text.Output_On), (8 bytes).
    Removing my_st7735.o(.ARM.exidx.text.Output_On), (8 bytes).
    Removing my_st7735.o(.text.Output_Color), (18 bytes).
    Removing my_st7735.o(.ARM.exidx.text.Output_Color), (8 bytes).
    Removing my_st7735.o(.rodata.Bcmd), (103 bytes).
    Removing my_st7735.o(.rodata.Rcmd1), (59 bytes).
    Removing my_st7735.o(.rodata.Rcmd2green), (13 bytes).
    Removing my_st7735.o(.rodata.Rcmd2red), (13 bytes).
    Removing my_st7735.o(.rodata.Rcmd3), (43 bytes).
    Removing my_st7735.o(.bss.TabColor), (1 bytes).
    Removing my_st7735.o(.rodata.smallCircle), (36 bytes).
    Removing my_st7735.o(.rodata.circle), (60 bytes).
    Removing my_st7735.o(.bss.Rotation), (1 bytes).
    Removing my_st7735.o(.bss.Ymax), (4 bytes).
    Removing my_st7735.o(.bss.Ymin), (4 bytes).
    Removing my_st7735.o(.bss.Yrange), (4 bytes).
    Removing my_st7735.o(.bss.X), (4 bytes).
    Removing my_st7735.o(.bss.lastj), (4 bytes).
    Removing my_st7735.o(.rodata.dBfs), (512 bytes).
    Removing my_st7735.o(.bss.Messageindex), (4 bytes).
    Removing misc.o(.text), (0 bytes).
    Removing misc.o(.text.NVIC_PriorityGroupConfig), (28 bytes).
    Removing misc.o(.ARM.exidx.text.NVIC_PriorityGroupConfig), (8 bytes).
    Removing misc.o(.text.NVIC_Init), (166 bytes).
    Removing misc.o(.ARM.exidx.text.NVIC_Init), (8 bytes).
    Removing misc.o(.text.NVIC_SetVectorTable), (36 bytes).
    Removing misc.o(.ARM.exidx.text.NVIC_SetVectorTable), (8 bytes).
    Removing misc.o(.text.NVIC_SystemLPConfig), (62 bytes).
    Removing misc.o(.ARM.exidx.text.NVIC_SystemLPConfig), (8 bytes).
    Removing misc.o(.text.SysTick_CLKSourceConfig), (52 bytes).
    Removing misc.o(.ARM.exidx.text.SysTick_CLKSourceConfig), (8 bytes).
    Removing stm32f10x_adc.o(.text), (0 bytes).
    Removing stm32f10x_adc.o(.text.ADC_DeInit), (128 bytes).
    Removing stm32f10x_adc.o(.ARM.exidx.text.ADC_DeInit), (8 bytes).
    Removing stm32f10x_adc.o(.text.ADC_Init), (154 bytes).
    Removing stm32f10x_adc.o(.ARM.exidx.text.ADC_Init), (8 bytes).
    Removing stm32f10x_adc.o(.text.ADC_StructInit), (36 bytes).
    Removing stm32f10x_adc.o(.ARM.exidx.text.ADC_StructInit), (8 bytes).
    Removing stm32f10x_adc.o(.text.ADC_Cmd), (44 bytes).
    Removing stm32f10x_adc.o(.ARM.exidx.text.ADC_Cmd), (8 bytes).
    Removing stm32f10x_adc.o(.text.ADC_DMACmd), (44 bytes).
    Removing stm32f10x_adc.o(.ARM.exidx.text.ADC_DMACmd), (8 bytes).
    Removing stm32f10x_adc.o(.text.ADC_ITConfig), (66 bytes).
    Removing stm32f10x_adc.o(.ARM.exidx.text.ADC_ITConfig), (8 bytes).
    Removing stm32f10x_adc.o(.text.ADC_ResetCalibration), (18 bytes).
    Removing stm32f10x_adc.o(.ARM.exidx.text.ADC_ResetCalibration), (8 bytes).
    Removing stm32f10x_adc.o(.text.ADC_GetResetCalibrationStatus), (46 bytes).
    Removing stm32f10x_adc.o(.ARM.exidx.text.ADC_GetResetCalibrationStatus), (8 bytes).
    Removing stm32f10x_adc.o(.text.ADC_StartCalibration), (18 bytes).
    Removing stm32f10x_adc.o(.ARM.exidx.text.ADC_StartCalibration), (8 bytes).
    Removing stm32f10x_adc.o(.text.ADC_GetCalibrationStatus), (46 bytes).
    Removing stm32f10x_adc.o(.ARM.exidx.text.ADC_GetCalibrationStatus), (8 bytes).
    Removing stm32f10x_adc.o(.text.ADC_SoftwareStartConvCmd), (44 bytes).
    Removing stm32f10x_adc.o(.ARM.exidx.text.ADC_SoftwareStartConvCmd), (8 bytes).
    Removing stm32f10x_adc.o(.text.ADC_GetSoftwareStartConvStatus), (46 bytes).
    Removing stm32f10x_adc.o(.ARM.exidx.text.ADC_GetSoftwareStartConvStatus), (8 bytes).
    Removing stm32f10x_adc.o(.text.ADC_DiscModeChannelCountConfig), (56 bytes).
    Removing stm32f10x_adc.o(.ARM.exidx.text.ADC_DiscModeChannelCountConfig), (8 bytes).
    Removing stm32f10x_adc.o(.text.ADC_DiscModeCmd), (44 bytes).
    Removing stm32f10x_adc.o(.ARM.exidx.text.ADC_DiscModeCmd), (8 bytes).
    Removing stm32f10x_adc.o(.text.ADC_RegularChannelConfig), (380 bytes).
    Removing stm32f10x_adc.o(.ARM.exidx.text.ADC_RegularChannelConfig), (8 bytes).
    Removing stm32f10x_adc.o(.text.ADC_ExternalTrigConvCmd), (44 bytes).
    Removing stm32f10x_adc.o(.ARM.exidx.text.ADC_ExternalTrigConvCmd), (8 bytes).
    Removing stm32f10x_adc.o(.text.ADC_GetConversionValue), (14 bytes).
    Removing stm32f10x_adc.o(.ARM.exidx.text.ADC_GetConversionValue), (8 bytes).
    Removing stm32f10x_adc.o(.text.ADC_GetDualModeConversionValue), (12 bytes).
    Removing stm32f10x_adc.o(.ARM.exidx.text.ADC_GetDualModeConversionValue), (8 bytes).
    Removing stm32f10x_adc.o(.text.ADC_AutoInjectedConvCmd), (44 bytes).
    Removing stm32f10x_adc.o(.ARM.exidx.text.ADC_AutoInjectedConvCmd), (8 bytes).
    Removing stm32f10x_adc.o(.text.ADC_InjectedDiscModeCmd), (44 bytes).
    Removing stm32f10x_adc.o(.ARM.exidx.text.ADC_InjectedDiscModeCmd), (8 bytes).
    Removing stm32f10x_adc.o(.text.ADC_ExternalTrigInjectedConvConfig), (42 bytes).
    Removing stm32f10x_adc.o(.ARM.exidx.text.ADC_ExternalTrigInjectedConvConfig), (8 bytes).
    Removing stm32f10x_adc.o(.text.ADC_ExternalTrigInjectedConvCmd), (44 bytes).
    Removing stm32f10x_adc.o(.ARM.exidx.text.ADC_ExternalTrigInjectedConvCmd), (8 bytes).
    Removing stm32f10x_adc.o(.text.ADC_SoftwareStartInjectedConvCmd), (44 bytes).
    Removing stm32f10x_adc.o(.ARM.exidx.text.ADC_SoftwareStartInjectedConvCmd), (8 bytes).
    Removing stm32f10x_adc.o(.text.ADC_GetSoftwareStartInjectedConvCmdStatus), (46 bytes).
    Removing stm32f10x_adc.o(.ARM.exidx.text.ADC_GetSoftwareStartInjectedConvCmdStatus), (8 bytes).
    Removing stm32f10x_adc.o(.text.ADC_InjectedChannelConfig), (250 bytes).
    Removing stm32f10x_adc.o(.ARM.exidx.text.ADC_InjectedChannelConfig), (8 bytes).
    Removing stm32f10x_adc.o(.text.ADC_InjectedSequencerLengthConfig), (56 bytes).
    Removing stm32f10x_adc.o(.ARM.exidx.text.ADC_InjectedSequencerLengthConfig), (8 bytes).
    Removing stm32f10x_adc.o(.text.ADC_SetInjectedOffset), (42 bytes).
    Removing stm32f10x_adc.o(.ARM.exidx.text.ADC_SetInjectedOffset), (8 bytes).
    Removing stm32f10x_adc.o(.text.ADC_GetInjectedConversionValue), (38 bytes).
    Removing stm32f10x_adc.o(.ARM.exidx.text.ADC_GetInjectedConversionValue), (8 bytes).
    Removing stm32f10x_adc.o(.text.ADC_AnalogWatchdogCmd), (48 bytes).
    Removing stm32f10x_adc.o(.ARM.exidx.text.ADC_AnalogWatchdogCmd), (8 bytes).
    Removing stm32f10x_adc.o(.text.ADC_AnalogWatchdogThresholdsConfig), (32 bytes).
    Removing stm32f10x_adc.o(.ARM.exidx.text.ADC_AnalogWatchdogThresholdsConfig), (8 bytes).
    Removing stm32f10x_adc.o(.text.ADC_AnalogWatchdogSingleChannelConfig), (46 bytes).
    Removing stm32f10x_adc.o(.ARM.exidx.text.ADC_AnalogWatchdogSingleChannelConfig), (8 bytes).
    Removing stm32f10x_adc.o(.text.ADC_TempSensorVrefintCmd), (54 bytes).
    Removing stm32f10x_adc.o(.ARM.exidx.text.ADC_TempSensorVrefintCmd), (8 bytes).
    Removing stm32f10x_adc.o(.text.ADC_GetFlagStatus), (52 bytes).
    Removing stm32f10x_adc.o(.ARM.exidx.text.ADC_GetFlagStatus), (8 bytes).
    Removing stm32f10x_adc.o(.text.ADC_ClearFlag), (22 bytes).
    Removing stm32f10x_adc.o(.ARM.exidx.text.ADC_ClearFlag), (8 bytes).
    Removing stm32f10x_adc.o(.text.ADC_GetITStatus), (78 bytes).
    Removing stm32f10x_adc.o(.ARM.exidx.text.ADC_GetITStatus), (8 bytes).
    Removing stm32f10x_adc.o(.text.ADC_ClearITPendingBit), (36 bytes).
    Removing stm32f10x_adc.o(.ARM.exidx.text.ADC_ClearITPendingBit), (8 bytes).
    Removing stm32f10x_exti.o(.text), (0 bytes).
    Removing stm32f10x_exti.o(.text.EXTI_DeInit), (62 bytes).
    Removing stm32f10x_exti.o(.ARM.exidx.text.EXTI_DeInit), (8 bytes).
    Removing stm32f10x_exti.o(.text.EXTI_Init), (234 bytes).
    Removing stm32f10x_exti.o(.ARM.exidx.text.EXTI_Init), (8 bytes).
    Removing stm32f10x_exti.o(.text.EXTI_StructInit), (28 bytes).
    Removing stm32f10x_exti.o(.ARM.exidx.text.EXTI_StructInit), (8 bytes).
    Removing stm32f10x_exti.o(.text.EXTI_GenerateSWInterrupt), (24 bytes).
    Removing stm32f10x_exti.o(.ARM.exidx.text.EXTI_GenerateSWInterrupt), (8 bytes).
    Removing stm32f10x_exti.o(.text.EXTI_GetFlagStatus), (52 bytes).
    Removing stm32f10x_exti.o(.ARM.exidx.text.EXTI_GetFlagStatus), (8 bytes).
    Removing stm32f10x_exti.o(.text.EXTI_ClearFlag), (20 bytes).
    Removing stm32f10x_exti.o(.ARM.exidx.text.EXTI_ClearFlag), (8 bytes).
    Removing stm32f10x_exti.o(.text.EXTI_GetITStatus), (76 bytes).
    Removing stm32f10x_exti.o(.ARM.exidx.text.EXTI_GetITStatus), (8 bytes).
    Removing stm32f10x_exti.o(.text.EXTI_ClearITPendingBit), (20 bytes).
    Removing stm32f10x_exti.o(.ARM.exidx.text.EXTI_ClearITPendingBit), (8 bytes).
    Removing stm32f10x_gpio.o(.text), (0 bytes).
    Removing stm32f10x_gpio.o(.text.GPIO_DeInit), (276 bytes).
    Removing stm32f10x_gpio.o(.ARM.exidx.text.GPIO_DeInit), (8 bytes).
    Removing stm32f10x_gpio.o(.text.GPIO_AFIODeInit), (26 bytes).
    Removing stm32f10x_gpio.o(.ARM.exidx.text.GPIO_AFIODeInit), (8 bytes).
    Removing stm32f10x_gpio.o(.text.GPIO_Init), (390 bytes).
    Removing stm32f10x_gpio.o(.ARM.exidx.text.GPIO_Init), (8 bytes).
    Removing stm32f10x_gpio.o(.text.GPIO_StructInit), (28 bytes).
    Removing stm32f10x_gpio.o(.ARM.exidx.text.GPIO_StructInit), (8 bytes).
    Removing stm32f10x_gpio.o(.text.GPIO_ReadInputDataBit), (52 bytes).
    Removing stm32f10x_gpio.o(.ARM.exidx.text.GPIO_ReadInputDataBit), (8 bytes).
    Removing stm32f10x_gpio.o(.text.GPIO_ReadInputData), (14 bytes).
    Removing stm32f10x_gpio.o(.ARM.exidx.text.GPIO_ReadInputData), (8 bytes).
    Removing stm32f10x_gpio.o(.text.GPIO_ReadOutputDataBit), (52 bytes).
    Removing stm32f10x_gpio.o(.ARM.exidx.text.GPIO_ReadOutputDataBit), (8 bytes).
    Removing stm32f10x_gpio.o(.text.GPIO_ReadOutputData), (14 bytes).
    Removing stm32f10x_gpio.o(.ARM.exidx.text.GPIO_ReadOutputData), (8 bytes).
    Removing stm32f10x_gpio.o(.text.GPIO_SetBits), (20 bytes).
    Removing stm32f10x_gpio.o(.ARM.exidx.text.GPIO_SetBits), (8 bytes).
    Removing stm32f10x_gpio.o(.text.GPIO_ResetBits), (20 bytes).
    Removing stm32f10x_gpio.o(.ARM.exidx.text.GPIO_ResetBits), (8 bytes).
    Removing stm32f10x_gpio.o(.text.GPIO_WriteBit), (44 bytes).
    Removing stm32f10x_gpio.o(.ARM.exidx.text.GPIO_WriteBit), (8 bytes).
    Removing stm32f10x_gpio.o(.text.GPIO_Write), (20 bytes).
    Removing stm32f10x_gpio.o(.ARM.exidx.text.GPIO_Write), (8 bytes).
    Removing stm32f10x_gpio.o(.text.GPIO_PinLockConfig), (60 bytes).
    Removing stm32f10x_gpio.o(.ARM.exidx.text.GPIO_PinLockConfig), (8 bytes).
    Removing stm32f10x_gpio.o(.text.GPIO_EventOutputConfig), (64 bytes).
    Removing stm32f10x_gpio.o(.ARM.exidx.text.GPIO_EventOutputConfig), (8 bytes).
    Removing stm32f10x_gpio.o(.text.GPIO_EventOutputCmd), (22 bytes).
    Removing stm32f10x_gpio.o(.ARM.exidx.text.GPIO_EventOutputCmd), (8 bytes).
    Removing stm32f10x_gpio.o(.text.GPIO_PinRemapConfig), (250 bytes).
    Removing stm32f10x_gpio.o(.ARM.exidx.text.GPIO_PinRemapConfig), (8 bytes).
    Removing stm32f10x_gpio.o(.text.GPIO_EXTILineConfig), (84 bytes).
    Removing stm32f10x_gpio.o(.ARM.exidx.text.GPIO_EXTILineConfig), (8 bytes).
    Removing stm32f10x_gpio.o(.text.GPIO_ETH_MediaInterfaceConfig), (18 bytes).
    Removing stm32f10x_gpio.o(.ARM.exidx.text.GPIO_ETH_MediaInterfaceConfig), (8 bytes).
    Removing stm32f10x_rcc.o(.text), (0 bytes).
    Removing stm32f10x_rcc.o(.text.RCC_DeInit), (82 bytes).
    Removing stm32f10x_rcc.o(.ARM.exidx.text.RCC_DeInit), (8 bytes).
    Removing stm32f10x_rcc.o(.text.RCC_HSEConfig), (92 bytes).
    Removing stm32f10x_rcc.o(.ARM.exidx.text.RCC_HSEConfig), (8 bytes).
    Removing stm32f10x_rcc.o(.text.RCC_WaitForHSEStartUp), (108 bytes).
    Removing stm32f10x_rcc.o(.ARM.exidx.text.RCC_WaitForHSEStartUp), (8 bytes).
    Removing stm32f10x_rcc.o(.text.RCC_GetFlagStatus), (130 bytes).
    Removing stm32f10x_rcc.o(.ARM.exidx.text.RCC_GetFlagStatus), (8 bytes).
    Removing stm32f10x_rcc.o(.text.RCC_AdjustHSICalibrationValue), (50 bytes).
    Removing stm32f10x_rcc.o(.ARM.exidx.text.RCC_AdjustHSICalibrationValue), (8 bytes).
    Removing stm32f10x_rcc.o(.text.RCC_HSICmd), (22 bytes).
    Removing stm32f10x_rcc.o(.ARM.exidx.text.RCC_HSICmd), (8 bytes).
    Removing stm32f10x_rcc.o(.text.RCC_PLLConfig), (50 bytes).
    Removing stm32f10x_rcc.o(.ARM.exidx.text.RCC_PLLConfig), (8 bytes).
    Removing stm32f10x_rcc.o(.text.RCC_PLLCmd), (22 bytes).
    Removing stm32f10x_rcc.o(.ARM.exidx.text.RCC_PLLCmd), (8 bytes).
    Removing stm32f10x_rcc.o(.text.RCC_SYSCLKConfig), (44 bytes).
    Removing stm32f10x_rcc.o(.ARM.exidx.text.RCC_SYSCLKConfig), (8 bytes).
    Removing stm32f10x_rcc.o(.text.RCC_GetSYSCLKSource), (16 bytes).
    Removing stm32f10x_rcc.o(.ARM.exidx.text.RCC_GetSYSCLKSource), (8 bytes).
    Removing stm32f10x_rcc.o(.text.RCC_HCLKConfig), (44 bytes).
    Removing stm32f10x_rcc.o(.ARM.exidx.text.RCC_HCLKConfig), (8 bytes).
    Removing stm32f10x_rcc.o(.text.RCC_PCLK1Config), (44 bytes).
    Removing stm32f10x_rcc.o(.ARM.exidx.text.RCC_PCLK1Config), (8 bytes).
    Removing stm32f10x_rcc.o(.text.RCC_PCLK2Config), (46 bytes).
    Removing stm32f10x_rcc.o(.ARM.exidx.text.RCC_PCLK2Config), (8 bytes).
    Removing stm32f10x_rcc.o(.text.RCC_ITConfig), (62 bytes).
    Removing stm32f10x_rcc.o(.ARM.exidx.text.RCC_ITConfig), (8 bytes).
    Removing stm32f10x_rcc.o(.text.RCC_USBCLKConfig), (18 bytes).
    Removing stm32f10x_rcc.o(.ARM.exidx.text.RCC_USBCLKConfig), (8 bytes).
    Removing stm32f10x_rcc.o(.text.RCC_ADCCLKConfig), (44 bytes).
    Removing stm32f10x_rcc.o(.ARM.exidx.text.RCC_ADCCLKConfig), (8 bytes).
    Removing stm32f10x_rcc.o(.text.RCC_LSEConfig), (76 bytes).
    Removing stm32f10x_rcc.o(.ARM.exidx.text.RCC_LSEConfig), (8 bytes).
    Removing stm32f10x_rcc.o(.text.RCC_LSICmd), (24 bytes).
    Removing stm32f10x_rcc.o(.ARM.exidx.text.RCC_LSICmd), (8 bytes).
    Removing stm32f10x_rcc.o(.text.RCC_RTCCLKConfig), (24 bytes).
    Removing stm32f10x_rcc.o(.ARM.exidx.text.RCC_RTCCLKConfig), (8 bytes).
    Removing stm32f10x_rcc.o(.text.RCC_RTCCLKCmd), (24 bytes).
    Removing stm32f10x_rcc.o(.ARM.exidx.text.RCC_RTCCLKCmd), (8 bytes).
    Removing stm32f10x_rcc.o(.text.RCC_GetClocksFreq), (370 bytes).
    Removing stm32f10x_rcc.o(.ARM.exidx.text.RCC_GetClocksFreq), (8 bytes).
    Removing stm32f10x_rcc.o(.text.RCC_AHBPeriphClockCmd), (56 bytes).
    Removing stm32f10x_rcc.o(.ARM.exidx.text.RCC_AHBPeriphClockCmd), (8 bytes).
    Removing stm32f10x_rcc.o(.text.RCC_APB2PeriphClockCmd), (56 bytes).
    Removing stm32f10x_rcc.o(.ARM.exidx.text.RCC_APB2PeriphClockCmd), (8 bytes).
    Removing stm32f10x_rcc.o(.text.RCC_APB1PeriphClockCmd), (56 bytes).
    Removing stm32f10x_rcc.o(.ARM.exidx.text.RCC_APB1PeriphClockCmd), (8 bytes).
    Removing stm32f10x_rcc.o(.text.RCC_APB2PeriphResetCmd), (56 bytes).
    Removing stm32f10x_rcc.o(.ARM.exidx.text.RCC_APB2PeriphResetCmd), (8 bytes).
    Removing stm32f10x_rcc.o(.text.RCC_APB1PeriphResetCmd), (56 bytes).
    Removing stm32f10x_rcc.o(.ARM.exidx.text.RCC_APB1PeriphResetCmd), (8 bytes).
    Removing stm32f10x_rcc.o(.text.RCC_BackupResetCmd), (24 bytes).
    Removing stm32f10x_rcc.o(.ARM.exidx.text.RCC_BackupResetCmd), (8 bytes).
    Removing stm32f10x_rcc.o(.text.RCC_ClockSecuritySystemCmd), (22 bytes).
    Removing stm32f10x_rcc.o(.ARM.exidx.text.RCC_ClockSecuritySystemCmd), (8 bytes).
    Removing stm32f10x_rcc.o(.text.RCC_MCOConfig), (24 bytes).
    Removing stm32f10x_rcc.o(.ARM.exidx.text.RCC_MCOConfig), (8 bytes).
    Removing stm32f10x_rcc.o(.text.RCC_ClearFlag), (18 bytes).
    Removing stm32f10x_rcc.o(.ARM.exidx.text.RCC_ClearFlag), (8 bytes).
    Removing stm32f10x_rcc.o(.text.RCC_GetITStatus), (56 bytes).
    Removing stm32f10x_rcc.o(.ARM.exidx.text.RCC_GetITStatus), (8 bytes).
    Removing stm32f10x_rcc.o(.text.RCC_ClearITPendingBit), (24 bytes).
    Removing stm32f10x_rcc.o(.ARM.exidx.text.RCC_ClearITPendingBit), (8 bytes).
    Removing stm32f10x_rcc.o(.rodata.APBAHBPrescTable), (16 bytes).
    Removing stm32f10x_rcc.o(.rodata.ADCPrescTable), (4 bytes).
    Removing stm32f10x_spi.o(.text), (0 bytes).
    Removing stm32f10x_spi.o(.text.SPI_I2S_DeInit), (128 bytes).
    Removing stm32f10x_spi.o(.ARM.exidx.text.SPI_I2S_DeInit), (8 bytes).
    Removing stm32f10x_spi.o(.text.SPI_Init), (104 bytes).
    Removing stm32f10x_spi.o(.ARM.exidx.text.SPI_Init), (8 bytes).
    Removing stm32f10x_spi.o(.text.I2S_Init), (372 bytes).
    Removing stm32f10x_spi.o(.ARM.exidx.text.I2S_Init), (8 bytes).
    Removing stm32f10x_spi.o(.text.SPI_StructInit), (48 bytes).
    Removing stm32f10x_spi.o(.ARM.exidx.text.SPI_StructInit), (8 bytes).
    Removing stm32f10x_spi.o(.text.I2S_StructInit), (36 bytes).
    Removing stm32f10x_spi.o(.ARM.exidx.text.I2S_StructInit), (8 bytes).
    Removing stm32f10x_spi.o(.text.SPI_Cmd), (44 bytes).
    Removing stm32f10x_spi.o(.ARM.exidx.text.SPI_Cmd), (8 bytes).
    Removing stm32f10x_spi.o(.text.I2S_Cmd), (44 bytes).
    Removing stm32f10x_spi.o(.ARM.exidx.text.I2S_Cmd), (8 bytes).
    Removing stm32f10x_spi.o(.text.SPI_I2S_ITConfig), (84 bytes).
    Removing stm32f10x_spi.o(.ARM.exidx.text.SPI_I2S_ITConfig), (8 bytes).
    Removing stm32f10x_spi.o(.text.SPI_I2S_DMACmd), (52 bytes).
    Removing stm32f10x_spi.o(.ARM.exidx.text.SPI_I2S_DMACmd), (8 bytes).
    Removing stm32f10x_spi.o(.text.SPI_I2S_SendData), (20 bytes).
    Removing stm32f10x_spi.o(.ARM.exidx.text.SPI_I2S_SendData), (8 bytes).
    Removing stm32f10x_spi.o(.text.SPI_I2S_ReceiveData), (12 bytes).
    Removing stm32f10x_spi.o(.ARM.exidx.text.SPI_I2S_ReceiveData), (8 bytes).
    Removing stm32f10x_spi.o(.text.SPI_NSSInternalSoftwareConfig), (50 bytes).
    Removing stm32f10x_spi.o(.ARM.exidx.text.SPI_NSSInternalSoftwareConfig), (8 bytes).
    Removing stm32f10x_spi.o(.text.SPI_SSOutputCmd), (44 bytes).
    Removing stm32f10x_spi.o(.ARM.exidx.text.SPI_SSOutputCmd), (8 bytes).
    Removing stm32f10x_spi.o(.text.SPI_DataSizeConfig), (34 bytes).
    Removing stm32f10x_spi.o(.ARM.exidx.text.SPI_DataSizeConfig), (8 bytes).
    Removing stm32f10x_spi.o(.text.SPI_TransmitCRC), (18 bytes).
    Removing stm32f10x_spi.o(.ARM.exidx.text.SPI_TransmitCRC), (8 bytes).
    Removing stm32f10x_spi.o(.text.SPI_CalculateCRC), (44 bytes).
    Removing stm32f10x_spi.o(.ARM.exidx.text.SPI_CalculateCRC), (8 bytes).
    Removing stm32f10x_spi.o(.text.SPI_GetCRC), (52 bytes).
    Removing stm32f10x_spi.o(.ARM.exidx.text.SPI_GetCRC), (8 bytes).
    Removing stm32f10x_spi.o(.text.SPI_GetCRCPolynomial), (12 bytes).
    Removing stm32f10x_spi.o(.ARM.exidx.text.SPI_GetCRCPolynomial), (8 bytes).
    Removing stm32f10x_spi.o(.text.SPI_BiDirectionalLineConfig), (48 bytes).
    Removing stm32f10x_spi.o(.ARM.exidx.text.SPI_BiDirectionalLineConfig), (8 bytes).
    Removing stm32f10x_spi.o(.text.SPI_I2S_GetFlagStatus), (54 bytes).
    Removing stm32f10x_spi.o(.ARM.exidx.text.SPI_I2S_GetFlagStatus), (8 bytes).
    Removing stm32f10x_spi.o(.text.SPI_I2S_ClearFlag), (22 bytes).
    Removing stm32f10x_spi.o(.ARM.exidx.text.SPI_I2S_ClearFlag), (8 bytes).
    Removing stm32f10x_spi.o(.text.SPI_I2S_GetITStatus), (126 bytes).
    Removing stm32f10x_spi.o(.ARM.exidx.text.SPI_I2S_GetITStatus), (8 bytes).
    Removing stm32f10x_spi.o(.text.SPI_I2S_ClearITPendingBit), (44 bytes).
    Removing stm32f10x_spi.o(.ARM.exidx.text.SPI_I2S_ClearITPendingBit), (8 bytes).
    Removing stm32f10x_tim.o(.text), (0 bytes).
    Removing stm32f10x_tim.o(.text.TIM_DeInit), (666 bytes).
    Removing stm32f10x_tim.o(.ARM.exidx.text.TIM_DeInit), (8 bytes).
    Removing stm32f10x_tim.o(.text.TIM_TimeBaseInit), (322 bytes).
    Removing stm32f10x_tim.o(.ARM.exidx.text.TIM_TimeBaseInit), (8 bytes).
    Removing stm32f10x_tim.o(.text.TIM_OC1Init), (354 bytes).
    Removing stm32f10x_tim.o(.ARM.exidx.text.TIM_OC1Init), (8 bytes).
    Removing stm32f10x_tim.o(.text.TIM_OC2Init), (320 bytes).
    Removing stm32f10x_tim.o(.ARM.exidx.text.TIM_OC2Init), (8 bytes).
    Removing stm32f10x_tim.o(.text.TIM_OC3Init), (318 bytes).
    Removing stm32f10x_tim.o(.ARM.exidx.text.TIM_OC3Init), (8 bytes).
    Removing stm32f10x_tim.o(.text.TIM_OC4Init), (238 bytes).
    Removing stm32f10x_tim.o(.ARM.exidx.text.TIM_OC4Init), (8 bytes).
    Removing stm32f10x_tim.o(.text.TIM_ICInit), (242 bytes).
    Removing stm32f10x_tim.o(.ARM.exidx.text.TIM_ICInit), (8 bytes).
    Removing stm32f10x_tim.o(.text.TI1_Config), (260 bytes).
    Removing stm32f10x_tim.o(.ARM.exidx.text.TI1_Config), (8 bytes).
    Removing stm32f10x_tim.o(.text.TIM_SetIC1Prescaler), (34 bytes).
    Removing stm32f10x_tim.o(.ARM.exidx.text.TIM_SetIC1Prescaler), (8 bytes).
    Removing stm32f10x_tim.o(.text.TI2_Config), (286 bytes).
    Removing stm32f10x_tim.o(.ARM.exidx.text.TI2_Config), (8 bytes).
    Removing stm32f10x_tim.o(.text.TIM_SetIC2Prescaler), (36 bytes).
    Removing stm32f10x_tim.o(.ARM.exidx.text.TIM_SetIC2Prescaler), (8 bytes).
    Removing stm32f10x_tim.o(.text.TI3_Config), (274 bytes).
    Removing stm32f10x_tim.o(.ARM.exidx.text.TI3_Config), (8 bytes).
    Removing stm32f10x_tim.o(.text.TIM_SetIC3Prescaler), (34 bytes).
    Removing stm32f10x_tim.o(.ARM.exidx.text.TIM_SetIC3Prescaler), (8 bytes).
    Removing stm32f10x_tim.o(.text.TI4_Config), (288 bytes).
    Removing stm32f10x_tim.o(.ARM.exidx.text.TI4_Config), (8 bytes).
    Removing stm32f10x_tim.o(.text.TIM_SetIC4Prescaler), (36 bytes).
    Removing stm32f10x_tim.o(.ARM.exidx.text.TIM_SetIC4Prescaler), (8 bytes).
    Removing stm32f10x_tim.o(.text.TIM_PWMIConfig), (190 bytes).
    Removing stm32f10x_tim.o(.ARM.exidx.text.TIM_PWMIConfig), (8 bytes).
    Removing stm32f10x_tim.o(.text.TIM_BDTRConfig), (44 bytes).
    Removing stm32f10x_tim.o(.ARM.exidx.text.TIM_BDTRConfig), (8 bytes).
    Removing stm32f10x_tim.o(.text.TIM_TimeBaseStructInit), (34 bytes).
    Removing stm32f10x_tim.o(.ARM.exidx.text.TIM_TimeBaseStructInit), (8 bytes).
    Removing stm32f10x_tim.o(.text.TIM_OCStructInit), (42 bytes).
    Removing stm32f10x_tim.o(.ARM.exidx.text.TIM_OCStructInit), (8 bytes).
    Removing stm32f10x_tim.o(.text.TIM_ICStructInit), (32 bytes).
    Removing stm32f10x_tim.o(.ARM.exidx.text.TIM_ICStructInit), (8 bytes).
    Removing stm32f10x_tim.o(.text.TIM_BDTRStructInit), (38 bytes).
    Removing stm32f10x_tim.o(.ARM.exidx.text.TIM_BDTRStructInit), (8 bytes).
    Removing stm32f10x_tim.o(.text.TIM_Cmd), (44 bytes).
    Removing stm32f10x_tim.o(.ARM.exidx.text.TIM_Cmd), (8 bytes).
    Removing stm32f10x_tim.o(.text.TIM_CtrlPWMOutputs), (52 bytes).
    Removing stm32f10x_tim.o(.ARM.exidx.text.TIM_CtrlPWMOutputs), (8 bytes).
    Removing stm32f10x_tim.o(.text.TIM_ITConfig), (52 bytes).
    Removing stm32f10x_tim.o(.ARM.exidx.text.TIM_ITConfig), (8 bytes).
    Removing stm32f10x_tim.o(.text.TIM_GenerateEvent), (20 bytes).
    Removing stm32f10x_tim.o(.ARM.exidx.text.TIM_GenerateEvent), (8 bytes).
    Removing stm32f10x_tim.o(.text.TIM_DMAConfig), (32 bytes).
    Removing stm32f10x_tim.o(.ARM.exidx.text.TIM_DMAConfig), (8 bytes).
    Removing stm32f10x_tim.o(.text.TIM_DMACmd), (52 bytes).
    Removing stm32f10x_tim.o(.ARM.exidx.text.TIM_DMACmd), (8 bytes).
    Removing stm32f10x_tim.o(.text.TIM_InternalClockConfig), (18 bytes).
    Removing stm32f10x_tim.o(.ARM.exidx.text.TIM_InternalClockConfig), (8 bytes).
    Removing stm32f10x_tim.o(.text.TIM_ITRxExternalClockConfig), (34 bytes).
    Removing stm32f10x_tim.o(.ARM.exidx.text.TIM_ITRxExternalClockConfig), (8 bytes).
    Removing stm32f10x_tim.o(.text.TIM_SelectInputTrigger), (60 bytes).
    Removing stm32f10x_tim.o(.ARM.exidx.text.TIM_SelectInputTrigger), (8 bytes).
    Removing stm32f10x_tim.o(.text.TIM_TIxExternalClockConfig), (88 bytes).
    Removing stm32f10x_tim.o(.ARM.exidx.text.TIM_TIxExternalClockConfig), (8 bytes).
    Removing stm32f10x_tim.o(.text.TIM_ETRClockMode1Config), (110 bytes).
    Removing stm32f10x_tim.o(.ARM.exidx.text.TIM_ETRClockMode1Config), (8 bytes).
    Removing stm32f10x_tim.o(.text.TIM_ETRConfig), (78 bytes).
    Removing stm32f10x_tim.o(.ARM.exidx.text.TIM_ETRConfig), (8 bytes).
    Removing stm32f10x_tim.o(.text.TIM_ETRClockMode2Config), (50 bytes).
    Removing stm32f10x_tim.o(.ARM.exidx.text.TIM_ETRClockMode2Config), (8 bytes).
    Removing stm32f10x_tim.o(.text.TIM_PrescalerConfig), (32 bytes).
    Removing stm32f10x_tim.o(.ARM.exidx.text.TIM_PrescalerConfig), (8 bytes).
    Removing stm32f10x_tim.o(.text.TIM_CounterModeConfig), (60 bytes).
    Removing stm32f10x_tim.o(.ARM.exidx.text.TIM_CounterModeConfig), (8 bytes).
    Removing stm32f10x_tim.o(.text.TIM_EncoderInterfaceConfig), (170 bytes).
    Removing stm32f10x_tim.o(.ARM.exidx.text.TIM_EncoderInterfaceConfig), (8 bytes).
    Removing stm32f10x_tim.o(.text.TIM_ForcedOC1Config), (60 bytes).
    Removing stm32f10x_tim.o(.ARM.exidx.text.TIM_ForcedOC1Config), (8 bytes).
    Removing stm32f10x_tim.o(.text.TIM_ForcedOC2Config), (62 bytes).
    Removing stm32f10x_tim.o(.ARM.exidx.text.TIM_ForcedOC2Config), (8 bytes).
    Removing stm32f10x_tim.o(.text.TIM_ForcedOC3Config), (60 bytes).
    Removing stm32f10x_tim.o(.ARM.exidx.text.TIM_ForcedOC3Config), (8 bytes).
    Removing stm32f10x_tim.o(.text.TIM_ForcedOC4Config), (62 bytes).
    Removing stm32f10x_tim.o(.ARM.exidx.text.TIM_ForcedOC4Config), (8 bytes).
    Removing stm32f10x_tim.o(.text.TIM_ARRPreloadConfig), (44 bytes).
    Removing stm32f10x_tim.o(.ARM.exidx.text.TIM_ARRPreloadConfig), (8 bytes).
    Removing stm32f10x_tim.o(.text.TIM_SelectCOM), (44 bytes).
    Removing stm32f10x_tim.o(.ARM.exidx.text.TIM_SelectCOM), (8 bytes).
    Removing stm32f10x_tim.o(.text.TIM_SelectCCDMA), (44 bytes).
    Removing stm32f10x_tim.o(.ARM.exidx.text.TIM_SelectCCDMA), (8 bytes).
    Removing stm32f10x_tim.o(.text.TIM_CCPreloadControl), (44 bytes).
    Removing stm32f10x_tim.o(.ARM.exidx.text.TIM_CCPreloadControl), (8 bytes).
    Removing stm32f10x_tim.o(.text.TIM_OC1PreloadConfig), (60 bytes).
    Removing stm32f10x_tim.o(.ARM.exidx.text.TIM_OC1PreloadConfig), (8 bytes).
    Removing stm32f10x_tim.o(.text.TIM_OC2PreloadConfig), (62 bytes).
    Removing stm32f10x_tim.o(.ARM.exidx.text.TIM_OC2PreloadConfig), (8 bytes).
    Removing stm32f10x_tim.o(.text.TIM_OC3PreloadConfig), (60 bytes).
    Removing stm32f10x_tim.o(.ARM.exidx.text.TIM_OC3PreloadConfig), (8 bytes).
    Removing stm32f10x_tim.o(.text.TIM_OC4PreloadConfig), (62 bytes).
    Removing stm32f10x_tim.o(.ARM.exidx.text.TIM_OC4PreloadConfig), (8 bytes).
    Removing stm32f10x_tim.o(.text.TIM_OC1FastConfig), (60 bytes).
    Removing stm32f10x_tim.o(.ARM.exidx.text.TIM_OC1FastConfig), (8 bytes).
    Removing stm32f10x_tim.o(.text.TIM_OC2FastConfig), (62 bytes).
    Removing stm32f10x_tim.o(.ARM.exidx.text.TIM_OC2FastConfig), (8 bytes).
    Removing stm32f10x_tim.o(.text.TIM_OC3FastConfig), (60 bytes).
    Removing stm32f10x_tim.o(.ARM.exidx.text.TIM_OC3FastConfig), (8 bytes).
    Removing stm32f10x_tim.o(.text.TIM_OC4FastConfig), (62 bytes).
    Removing stm32f10x_tim.o(.ARM.exidx.text.TIM_OC4FastConfig), (8 bytes).
    Removing stm32f10x_tim.o(.text.TIM_ClearOC1Ref), (60 bytes).
    Removing stm32f10x_tim.o(.ARM.exidx.text.TIM_ClearOC1Ref), (8 bytes).
    Removing stm32f10x_tim.o(.text.TIM_ClearOC2Ref), (62 bytes).
    Removing stm32f10x_tim.o(.ARM.exidx.text.TIM_ClearOC2Ref), (8 bytes).
    Removing stm32f10x_tim.o(.text.TIM_ClearOC3Ref), (60 bytes).
    Removing stm32f10x_tim.o(.ARM.exidx.text.TIM_ClearOC3Ref), (8 bytes).
    Removing stm32f10x_tim.o(.text.TIM_ClearOC4Ref), (62 bytes).
    Removing stm32f10x_tim.o(.ARM.exidx.text.TIM_ClearOC4Ref), (8 bytes).
    Removing stm32f10x_tim.o(.text.TIM_OC1PolarityConfig), (60 bytes).
    Removing stm32f10x_tim.o(.ARM.exidx.text.TIM_OC1PolarityConfig), (8 bytes).
    Removing stm32f10x_tim.o(.text.TIM_OC1NPolarityConfig), (60 bytes).
    Removing stm32f10x_tim.o(.ARM.exidx.text.TIM_OC1NPolarityConfig), (8 bytes).
    Removing stm32f10x_tim.o(.text.TIM_OC2PolarityConfig), (62 bytes).
    Removing stm32f10x_tim.o(.ARM.exidx.text.TIM_OC2PolarityConfig), (8 bytes).
    Removing stm32f10x_tim.o(.text.TIM_OC2NPolarityConfig), (62 bytes).
    Removing stm32f10x_tim.o(.ARM.exidx.text.TIM_OC2NPolarityConfig), (8 bytes).
    Removing stm32f10x_tim.o(.text.TIM_OC3PolarityConfig), (62 bytes).
    Removing stm32f10x_tim.o(.ARM.exidx.text.TIM_OC3PolarityConfig), (8 bytes).
    Removing stm32f10x_tim.o(.text.TIM_OC3NPolarityConfig), (62 bytes).
    Removing stm32f10x_tim.o(.ARM.exidx.text.TIM_OC3NPolarityConfig), (8 bytes).
    Removing stm32f10x_tim.o(.text.TIM_OC4PolarityConfig), (62 bytes).
    Removing stm32f10x_tim.o(.ARM.exidx.text.TIM_OC4PolarityConfig), (8 bytes).
    Removing stm32f10x_tim.o(.text.TIM_CCxCmd), (66 bytes).
    Removing stm32f10x_tim.o(.ARM.exidx.text.TIM_CCxCmd), (8 bytes).
    Removing stm32f10x_tim.o(.text.TIM_CCxNCmd), (66 bytes).
    Removing stm32f10x_tim.o(.ARM.exidx.text.TIM_CCxNCmd), (8 bytes).
    Removing stm32f10x_tim.o(.text.TIM_SelectOCxM), (156 bytes).
    Removing stm32f10x_tim.o(.ARM.exidx.text.TIM_SelectOCxM), (8 bytes).
    Removing stm32f10x_tim.o(.text.TIM_UpdateDisableConfig), (44 bytes).
    Removing stm32f10x_tim.o(.ARM.exidx.text.TIM_UpdateDisableConfig), (8 bytes).
    Removing stm32f10x_tim.o(.text.TIM_UpdateRequestConfig), (44 bytes).
    Removing stm32f10x_tim.o(.ARM.exidx.text.TIM_UpdateRequestConfig), (8 bytes).
    Removing stm32f10x_tim.o(.text.TIM_SelectHallSensor), (44 bytes).
    Removing stm32f10x_tim.o(.ARM.exidx.text.TIM_SelectHallSensor), (8 bytes).
    Removing stm32f10x_tim.o(.text.TIM_SelectOnePulseMode), (34 bytes).
    Removing stm32f10x_tim.o(.ARM.exidx.text.TIM_SelectOnePulseMode), (8 bytes).
    Removing stm32f10x_tim.o(.text.TIM_SelectOutputTrigger), (34 bytes).
    Removing stm32f10x_tim.o(.ARM.exidx.text.TIM_SelectOutputTrigger), (8 bytes).
    Removing stm32f10x_tim.o(.text.TIM_SelectSlaveMode), (34 bytes).
    Removing stm32f10x_tim.o(.ARM.exidx.text.TIM_SelectSlaveMode), (8 bytes).
    Removing stm32f10x_tim.o(.text.TIM_SelectMasterSlaveMode), (34 bytes).
    Removing stm32f10x_tim.o(.ARM.exidx.text.TIM_SelectMasterSlaveMode), (8 bytes).
    Removing stm32f10x_tim.o(.text.TIM_SetCounter), (20 bytes).
    Removing stm32f10x_tim.o(.ARM.exidx.text.TIM_SetCounter), (8 bytes).
    Removing stm32f10x_tim.o(.text.TIM_SetAutoreload), (20 bytes).
    Removing stm32f10x_tim.o(.ARM.exidx.text.TIM_SetAutoreload), (8 bytes).
    Removing stm32f10x_tim.o(.text.TIM_SetCompare1), (20 bytes).
    Removing stm32f10x_tim.o(.ARM.exidx.text.TIM_SetCompare1), (8 bytes).
    Removing stm32f10x_tim.o(.text.TIM_SetCompare2), (20 bytes).
    Removing stm32f10x_tim.o(.ARM.exidx.text.TIM_SetCompare2), (8 bytes).
    Removing stm32f10x_tim.o(.text.TIM_SetCompare3), (20 bytes).
    Removing stm32f10x_tim.o(.ARM.exidx.text.TIM_SetCompare3), (8 bytes).
    Removing stm32f10x_tim.o(.text.TIM_SetCompare4), (22 bytes).
    Removing stm32f10x_tim.o(.ARM.exidx.text.TIM_SetCompare4), (8 bytes).
    Removing stm32f10x_tim.o(.text.TIM_SetClockDivision), (34 bytes).
    Removing stm32f10x_tim.o(.ARM.exidx.text.TIM_SetClockDivision), (8 bytes).
    Removing stm32f10x_tim.o(.text.TIM_GetCapture1), (12 bytes).
    Removing stm32f10x_tim.o(.ARM.exidx.text.TIM_GetCapture1), (8 bytes).
    Removing stm32f10x_tim.o(.text.TIM_GetCapture2), (12 bytes).
    Removing stm32f10x_tim.o(.ARM.exidx.text.TIM_GetCapture2), (8 bytes).
    Removing stm32f10x_tim.o(.text.TIM_GetCapture3), (12 bytes).
    Removing stm32f10x_tim.o(.ARM.exidx.text.TIM_GetCapture3), (8 bytes).
    Removing stm32f10x_tim.o(.text.TIM_GetCapture4), (14 bytes).
    Removing stm32f10x_tim.o(.ARM.exidx.text.TIM_GetCapture4), (8 bytes).
    Removing stm32f10x_tim.o(.text.TIM_GetCounter), (12 bytes).
    Removing stm32f10x_tim.o(.ARM.exidx.text.TIM_GetCounter), (8 bytes).
    Removing stm32f10x_tim.o(.text.TIM_GetPrescaler), (12 bytes).
    Removing stm32f10x_tim.o(.ARM.exidx.text.TIM_GetPrescaler), (8 bytes).
    Removing stm32f10x_tim.o(.text.TIM_GetFlagStatus), (54 bytes).
    Removing stm32f10x_tim.o(.ARM.exidx.text.TIM_GetFlagStatus), (8 bytes).
    Removing stm32f10x_tim.o(.text.TIM_ClearFlag), (22 bytes).
    Removing stm32f10x_tim.o(.ARM.exidx.text.TIM_ClearFlag), (8 bytes).
    Removing stm32f10x_tim.o(.text.TIM_GetITStatus), (90 bytes).
    Removing stm32f10x_tim.o(.ARM.exidx.text.TIM_GetITStatus), (8 bytes).
    Removing stm32f10x_tim.o(.text.TIM_ClearITPendingBit), (22 bytes).
    Removing stm32f10x_tim.o(.ARM.exidx.text.TIM_ClearITPendingBit), (8 bytes).
    Removing system_stm32f10x.o(.text), (0 bytes).
    Removing system_stm32f10x.o(.ARM.exidx.text.SystemInit), (8 bytes).
    Removing system_stm32f10x.o(.ARM.exidx.text.SetSysClock), (8 bytes).
    Removing system_stm32f10x.o(.text.SystemCoreClockUpdate), (290 bytes).
    Removing system_stm32f10x.o(.ARM.exidx.text.SystemCoreClockUpdate), (8 bytes).
    Removing system_stm32f10x.o(.ARM.exidx.text.SetSysClockTo72), (8 bytes).
    Removing system_stm32f10x.o(.data.SystemCoreClock), (4 bytes).
    Removing system_stm32f10x.o(.rodata.AHBPrescTable), (16 bytes).

552 unused section(s) (total 23085 bytes) removed from the image.

==============================================================================

Image Symbol Table

    Local Symbols

    Symbol Name                              Value     Ov Type        Size  Object(Section)

    ../clib/angel/boardlib.s                 0x00000000   Number         0  boardinit1.o ABSOLUTE
    ../clib/angel/boardlib.s                 0x00000000   Number         0  boardinit2.o ABSOLUTE
    ../clib/angel/boardlib.s                 0x00000000   Number         0  boardinit3.o ABSOLUTE
    ../clib/angel/boardlib.s                 0x00000000   Number         0  boardshut.o ABSOLUTE
    ../clib/angel/handlers.s                 0x00000000   Number         0  __scatter_copy.o ABSOLUTE
    ../clib/angel/handlers.s                 0x00000000   Number         0  __scatter_zi.o ABSOLUTE
    ../clib/angel/kernel.s                   0x00000000   Number         0  __rtentry.o ABSOLUTE
    ../clib/angel/kernel.s                   0x00000000   Number         0  __rtentry2.o ABSOLUTE
    ../clib/angel/kernel.s                   0x00000000   Number         0  __rtentry4.o ABSOLUTE
    ../clib/angel/kernel.s                   0x00000000   Number         0  rtexit.o ABSOLUTE
    ../clib/angel/kernel.s                   0x00000000   Number         0  rtexit2.o ABSOLUTE
    ../clib/angel/rt.s                       0x00000000   Number         0  rt_raise.o ABSOLUTE
    ../clib/angel/scatter.s                  0x00000000   Number         0  __scatter.o ABSOLUTE
    ../clib/angel/startup.s                  0x00000000   Number         0  __main.o ABSOLUTE
    ../clib/angel/sys.s                      0x00000000   Number         0  sys_stackheap_outer.o ABSOLUTE
    ../clib/angel/sys.s                      0x00000000   Number         0  libspace.o ABSOLUTE
    ../clib/angel/sys.s                      0x00000000   Number         0  use_no_semi.o ABSOLUTE
    ../clib/angel/sys.s                      0x00000000   Number         0  indicate_semi.o ABSOLUTE
    ../clib/angel/sysapp.c                   0x00000000   Number         0  sys_exit.o ABSOLUTE
    ../clib/angel/sysapp.c                   0x00000000   Number         0  sys_exit_hlt.o ABSOLUTE
    ../clib/angel/sysapp.c                   0x00000000   Number         0  sys_command.o ABSOLUTE
    ../clib/angel/sysapp.c                   0x00000000   Number         0  sys_command_hlt.o ABSOLUTE
    ../clib/angel/sysapp.c                   0x00000000   Number         0  sys_wrch.o ABSOLUTE
    ../clib/angel/sysapp.c                   0x00000000   Number         0  sys_wrch_hlt.o ABSOLUTE
    ../clib/armsys.c                         0x00000000   Number         0  argv_veneer.o ABSOLUTE
    ../clib/armsys.c                         0x00000000   Number         0  argv_veneer.o ABSOLUTE
    ../clib/armsys.c                         0x00000000   Number         0  _get_argv_nomalloc.o ABSOLUTE
    ../clib/armsys.c                         0x00000000   Number         0  no_argv.o ABSOLUTE
    ../clib/heapalloc.c                      0x00000000   Number         0  hrguard.o ABSOLUTE
    ../clib/heapaux.c                        0x00000000   Number         0  heapauxi.o ABSOLUTE
    ../clib/libinit.s                        0x00000000   Number         0  libinit.o ABSOLUTE
    ../clib/libinit.s                        0x00000000   Number         0  libinit2.o ABSOLUTE
    ../clib/libinit.s                        0x00000000   Number         0  libshutdown.o ABSOLUTE
    ../clib/libinit.s                        0x00000000   Number         0  libshutdown2.o ABSOLUTE
    ../clib/signal.c                         0x00000000   Number         0  defsig_rtmem_outer.o ABSOLUTE
    ../clib/signal.c                         0x00000000   Number         0  defsig_rtmem_formal.o ABSOLUTE
    ../clib/signal.c                         0x00000000   Number         0  defsig_exit.o ABSOLUTE
    ../clib/signal.c                         0x00000000   Number         0  defsig_rtmem_inner.o ABSOLUTE
    ../clib/signal.c                         0x00000000   Number         0  __raise.o ABSOLUTE
    ../clib/signal.c                         0x00000000   Number         0  defsig_general.o ABSOLUTE
    ../clib/signal.c                         0x00000000   Number         0  defsig_abrt_inner.o ABSOLUTE
    ../clib/signal.c                         0x00000000   Number         0  defsig_fpe_inner.o ABSOLUTE
    ../clib/signal.c                         0x00000000   Number         0  defsig_rtred_inner.o ABSOLUTE
    ../clib/signal.c                         0x00000000   Number         0  defsig_stak_inner.o ABSOLUTE
    ../clib/signal.c                         0x00000000   Number         0  defsig_pvfn_inner.o ABSOLUTE
    ../clib/signal.c                         0x00000000   Number         0  defsig_cppl_inner.o ABSOLUTE
    ../clib/signal.c                         0x00000000   Number         0  defsig_segv_inner.o ABSOLUTE
    ../clib/signal.c                         0x00000000   Number         0  defsig_other.o ABSOLUTE
    ../clib/signal.s                         0x00000000   Number         0  defsig.o ABSOLUTE
    ../clib/stdlib.c                         0x00000000   Number         0  exit.o ABSOLUTE
    ../fplib/fpinit.s                        0x00000000   Number         0  fpinit.o ABSOLUTE
    ../fplib/fpinit_empty.s                  0x00000000   Number         0  fpinit_empty.o ABSOLUTE
    IO.c                                     0x00000000   Number         0  io.o ABSOLUTE
    My_ST7735.c                              0x00000000   Number         0  my_st7735.o ABSOLUTE
    PLL.c                                    0x00000000   Number         0  pll.o ABSOLUTE
    RTE/Device/STM32F103C8/startup_stm32f10x_md.s 0x00000000   Number         0  startup_stm32f10x_md.o ABSOLUTE
    StringConvent.s                          0x00000000   Number         0  stringconvent.o ABSOLUTE
    dc.s                                     0x00000000   Number         0  dc.o ABSOLUTE
    main.c                                   0x00000000   Number         0  main.o ABSOLUTE
    misc.c                                   0x00000000   Number         0  misc.o ABSOLUTE
    stm32f10x_adc.c                          0x00000000   Number         0  stm32f10x_adc.o ABSOLUTE
    stm32f10x_exti.c                         0x00000000   Number         0  stm32f10x_exti.o ABSOLUTE
    stm32f10x_gpio.c                         0x00000000   Number         0  stm32f10x_gpio.o ABSOLUTE
    stm32f10x_rcc.c                          0x00000000   Number         0  stm32f10x_rcc.o ABSOLUTE
    stm32f10x_spi.c                          0x00000000   Number         0  stm32f10x_spi.o ABSOLUTE
    stm32f10x_tim.c                          0x00000000   Number         0  stm32f10x_tim.o ABSOLUTE
    system_stm32f10x.c                       0x00000000   Number         0  system_stm32f10x.o ABSOLUTE
    RESET                                    0x08000000   Section      236  startup_stm32f10x_md.o(RESET)
    !!!main                                  0x080000ec   Section        8  __main.o(!!!main)
    !!!scatter                               0x080000f4   Section       92  __scatter.o(!!!scatter)
    !!handler_copy                           0x08000150   Section       26  __scatter_copy.o(!!handler_copy)
    !!handler_null                           0x0800016c   Section        2  __scatter.o(!!handler_null)
    !!handler_zi                             0x08000170   Section       28  __scatter_zi.o(!!handler_zi)
    .ARM.Collect$$libinit$$00000000          0x0800018c   Section        2  libinit.o(.ARM.Collect$$libinit$$00000000)
    .ARM.Collect$$libinit$$00000002          0x0800018e   Section        0  libinit2.o(.ARM.Collect$$libinit$$00000002)
    .ARM.Collect$$libinit$$00000004          0x0800018e   Section        0  libinit2.o(.ARM.Collect$$libinit$$00000004)
    .ARM.Collect$$libinit$$00000006          0x0800018e   Section        0  libinit2.o(.ARM.Collect$$libinit$$00000006)
    .ARM.Collect$$libinit$$0000000C          0x0800018e   Section        0  libinit2.o(.ARM.Collect$$libinit$$0000000C)
    .ARM.Collect$$libinit$$0000000E          0x0800018e   Section        0  libinit2.o(.ARM.Collect$$libinit$$0000000E)
    .ARM.Collect$$libinit$$00000010          0x0800018e   Section        0  libinit2.o(.ARM.Collect$$libinit$$00000010)
    .ARM.Collect$$libinit$$00000013          0x0800018e   Section        0  libinit2.o(.ARM.Collect$$libinit$$00000013)
    .ARM.Collect$$libinit$$00000015          0x0800018e   Section        0  libinit2.o(.ARM.Collect$$libinit$$00000015)
    .ARM.Collect$$libinit$$00000017          0x0800018e   Section        0  libinit2.o(.ARM.Collect$$libinit$$00000017)
    .ARM.Collect$$libinit$$00000019          0x0800018e   Section        0  libinit2.o(.ARM.Collect$$libinit$$00000019)
    .ARM.Collect$$libinit$$0000001B          0x0800018e   Section        0  libinit2.o(.ARM.Collect$$libinit$$0000001B)
    .ARM.Collect$$libinit$$0000001D          0x0800018e   Section        0  libinit2.o(.ARM.Collect$$libinit$$0000001D)
    .ARM.Collect$$libinit$$0000001F          0x0800018e   Section        0  libinit2.o(.ARM.Collect$$libinit$$0000001F)
    .ARM.Collect$$libinit$$00000021          0x0800018e   Section        0  libinit2.o(.ARM.Collect$$libinit$$00000021)
    .ARM.Collect$$libinit$$00000023          0x0800018e   Section        0  libinit2.o(.ARM.Collect$$libinit$$00000023)
    .ARM.Collect$$libinit$$00000025          0x0800018e   Section        0  libinit2.o(.ARM.Collect$$libinit$$00000025)
    .ARM.Collect$$libinit$$00000027          0x0800018e   Section        0  libinit2.o(.ARM.Collect$$libinit$$00000027)
    .ARM.Collect$$libinit$$0000002E          0x0800018e   Section        0  libinit2.o(.ARM.Collect$$libinit$$0000002E)
    .ARM.Collect$$libinit$$00000030          0x0800018e   Section        0  libinit2.o(.ARM.Collect$$libinit$$00000030)
    .ARM.Collect$$libinit$$00000032          0x0800018e   Section        0  libinit2.o(.ARM.Collect$$libinit$$00000032)
    .ARM.Collect$$libinit$$00000034          0x0800018e   Section        0  libinit2.o(.ARM.Collect$$libinit$$00000034)
    .ARM.Collect$$libinit$$00000035          0x0800018e   Section        2  libinit2.o(.ARM.Collect$$libinit$$00000035)
    .ARM.Collect$$libshutdown$$00000000      0x08000190   Section        2  libshutdown.o(.ARM.Collect$$libshutdown$$00000000)
    .ARM.Collect$$libshutdown$$00000002      0x08000192   Section        0  libshutdown2.o(.ARM.Collect$$libshutdown$$00000002)
    .ARM.Collect$$libshutdown$$00000004      0x08000192   Section        0  libshutdown2.o(.ARM.Collect$$libshutdown$$00000004)
    .ARM.Collect$$libshutdown$$00000007      0x08000192   Section        0  libshutdown2.o(.ARM.Collect$$libshutdown$$00000007)
    .ARM.Collect$$libshutdown$$0000000A      0x08000192   Section        0  libshutdown2.o(.ARM.Collect$$libshutdown$$0000000A)
    .ARM.Collect$$libshutdown$$0000000C      0x08000192   Section        0  libshutdown2.o(.ARM.Collect$$libshutdown$$0000000C)
    .ARM.Collect$$libshutdown$$0000000F      0x08000192   Section        0  libshutdown2.o(.ARM.Collect$$libshutdown$$0000000F)
    .ARM.Collect$$libshutdown$$00000010      0x08000192   Section        2  libshutdown2.o(.ARM.Collect$$libshutdown$$00000010)
    .ARM.Collect$$rtentry$$00000000          0x08000194   Section        0  __rtentry.o(.ARM.Collect$$rtentry$$00000000)
    .ARM.Collect$$rtentry$$00000002          0x08000194   Section        0  __rtentry2.o(.ARM.Collect$$rtentry$$00000002)
    .ARM.Collect$$rtentry$$00000004          0x08000194   Section        6  __rtentry4.o(.ARM.Collect$$rtentry$$00000004)
    .ARM.Collect$$rtentry$$00000009          0x0800019a   Section        0  __rtentry2.o(.ARM.Collect$$rtentry$$00000009)
    .ARM.Collect$$rtentry$$0000000A          0x0800019a   Section        4  __rtentry2.o(.ARM.Collect$$rtentry$$0000000A)
    .ARM.Collect$$rtentry$$0000000C          0x0800019e   Section        0  __rtentry2.o(.ARM.Collect$$rtentry$$0000000C)
    .ARM.Collect$$rtentry$$0000000D          0x0800019e   Section        8  __rtentry2.o(.ARM.Collect$$rtentry$$0000000D)
    .ARM.Collect$$rtexit$$00000000           0x080001a6   Section        2  rtexit.o(.ARM.Collect$$rtexit$$00000000)
    .ARM.Collect$$rtexit$$00000002           0x080001a8   Section        0  rtexit2.o(.ARM.Collect$$rtexit$$00000002)
    .ARM.Collect$$rtexit$$00000003           0x080001a8   Section        4  rtexit2.o(.ARM.Collect$$rtexit$$00000003)
    .ARM.Collect$$rtexit$$00000004           0x080001ac   Section        6  rtexit2.o(.ARM.Collect$$rtexit$$00000004)
    .text                                    0x080001b4   Section      184  stringconvent.o(.text)
    .text                                    0x0800026c   Section       64  startup_stm32f10x_md.o(.text)
    .text                                    0x080002ac   Section        0  heapauxi.o(.text)
    .text                                    0x080002b2   Section       74  sys_stackheap_outer.o(.text)
    .text                                    0x080002fc   Section        0  exit.o(.text)
    .text                                    0x08000310   Section        8  libspace.o(.text)
    .text                                    0x08000318   Section        0  sys_exit.o(.text)
    .text                                    0x08000324   Section        2  use_no_semi.o(.text)
    .text                                    0x08000326   Section        0  indicate_semi.o(.text)
    [Anonymous Symbol]                       0x08000328   Section        0  pll.o(.text.PLL_Init)
    [Anonymous Symbol]                       0x08000408   Section        0  my_st7735.o(.text.SPI1_Transmit)
    [Anonymous Symbol]                       0x0800044c   Section        0  my_st7735.o(.text.ST7735_DrawBitmap)
    [Anonymous Symbol]                       0x08000698   Section        0  my_st7735.o(.text.ST7735_DrawCharS)
    [Anonymous Symbol]                       0x0800084c   Section        0  my_st7735.o(.text.ST7735_DrawPixel)
    [Anonymous Symbol]                       0x080008bc   Section        0  my_st7735.o(.text.ST7735_DrawString)
    [Anonymous Symbol]                       0x08000958   Section        0  my_st7735.o(.text.ST7735_FillRect)
    [Anonymous Symbol]                       0x08000a98   Section        0  my_st7735.o(.text.ST7735_FillScreen)
    [Anonymous Symbol]                       0x08000acc   Section        0  my_st7735.o(.text.ST7735_OutChar)
    [Anonymous Symbol]                       0x08000bdc   Section        0  my_st7735.o(.text.ST7735_OutFix)
    [Anonymous Symbol]                       0x08000c94   Section        0  my_st7735.o(.text.ST7735_OutString)
    [Anonymous Symbol]                       0x08000cb8   Section        0  my_st7735.o(.text.ST7735_OutUDec)
    [Anonymous Symbol]                       0x08000d70   Section        0  my_st7735.o(.text.ST7735_SetCursor)
    [Anonymous Symbol]                       0x08000da8   Section        0  my_st7735.o(.text.ST7735_WriteCommand)
    [Anonymous Symbol]                       0x08000de0   Section        0  my_st7735.o(.text.ST7735_WriteData)
    SetSysClock                              0x08000e19   Thumb Code     8  system_stm32f10x.o(.text.SetSysClock)
    [Anonymous Symbol]                       0x08000e18   Section        0  system_stm32f10x.o(.text.SetSysClock)
    SetSysClockTo72                          0x08000e21   Thumb Code   290  system_stm32f10x.o(.text.SetSysClockTo72)
    [Anonymous Symbol]                       0x08000e20   Section        0  system_stm32f10x.o(.text.SetSysClockTo72)
    [Anonymous Symbol]                       0x08000f44   Section        0  system_stm32f10x.o(.text.SystemInit)
    [Anonymous Symbol]                       0x08000fac   Section        0  main.o(.text.main)
    pushColor                                0x08001039   Thumb Code    28  my_st7735.o(.text.pushColor)
    [Anonymous Symbol]                       0x08001038   Section        0  my_st7735.o(.text.pushColor)
    setAddrWindow                            0x08001055   Thumb Code   148  my_st7735.o(.text.setAddrWindow)
    [Anonymous Symbol]                       0x08001054   Section        0  my_st7735.o(.text.setAddrWindow)
    Font                                     0x080010e8   Data        1275  my_st7735.o(.rodata.Font)
    [Anonymous Symbol]                       0x080010e8   Section        0  my_st7735.o(.rodata.Font)
    .L.str                                   0x08004824   Data          46  main.o(.rodata.str1.1)
    [Anonymous Symbol]                       0x08004824   Section        0  main.o(.rodata.str1.1)
    .L.str                                   0x08004852   Data          22  my_st7735.o(.rodata.str1.1)
    [Anonymous Symbol]                       0x08004852   Section        0  my_st7735.o(.rodata.str1.1)
    _height                                  0x20000002   Data           2  my_st7735.o(.data._height)
    [Anonymous Symbol]                       0x20000002   Section        0  my_st7735.o(.data._height)
    _width                                   0x20000004   Data           2  my_st7735.o(.data._width)
    [Anonymous Symbol]                       0x20000004   Section        0  my_st7735.o(.data._width)
    .bss                                     0x20000008   Section       96  libspace.o(.bss)
    ColStart                                 0x20000068   Data           1  my_st7735.o(.bss.ColStart)
    [Anonymous Symbol]                       0x20000068   Section        0  my_st7735.o(.bss.ColStart)
    RowStart                                 0x20000075   Data           1  my_st7735.o(.bss.RowStart)
    [Anonymous Symbol]                       0x20000075   Section        0  my_st7735.o(.bss.RowStart)
    Heap_Mem                                 0x20000080   Data         512  startup_stm32f10x_md.o(HEAP)
    HEAP                                     0x20000080   Section      512  startup_stm32f10x_md.o(HEAP)
    Stack_Mem                                0x20000280   Data        1024  startup_stm32f10x_md.o(STACK)
    STACK                                    0x20000280   Section     1024  startup_stm32f10x_md.o(STACK)
    __initial_sp                             0x20000680   Data           0  startup_stm32f10x_md.o(STACK)

    Global Symbols

    Symbol Name                              Value     Ov Type        Size  Object(Section)

    BuildAttributes$$THM_ISAv4$P$D$K$B$S$PE$A:L22UL41UL21$X:L11$S22US41US21$IEEE1$IW$~IW$USESV6$~STKCKD$USESV7$~SHL$OSPACE$ROPI$EBA8$UX$STANDARDLIB$REQ8$PRES8$EABIv2 0x00000000   Number         0  anon$$obj.o ABSOLUTE
    __fp_init_empty                          0x00000000   Number         0  fpinit_empty.o ABSOLUTE
    __ARM_exceptions_init                     - Undefined Weak Reference
    __alloca_initialize                       - Undefined Weak Reference
    __arm_preinit_                            - Undefined Weak Reference
    __arm_relocate_pie_                       - Undefined Weak Reference
    __cpp_initialize__aeabi_                  - Undefined Weak Reference
    __cxa_finalize                            - Undefined Weak Reference
    __rt_locale                               - Undefined Weak Reference
    __sigvec_lookup                           - Undefined Weak Reference
    _atexit_init                              - Undefined Weak Reference
    _call_atexit_fns                          - Undefined Weak Reference
    _clock_init                               - Undefined Weak Reference
    _fp_trap_init                             - Undefined Weak Reference
    _fp_trap_shutdown                         - Undefined Weak Reference
    _get_lc_collate                           - Undefined Weak Reference
    _get_lc_ctype                             - Undefined Weak Reference
    _get_lc_monetary                          - Undefined Weak Reference
    _get_lc_numeric                           - Undefined Weak Reference
    _get_lc_time                              - Undefined Weak Reference
    _getenv_init                              - Undefined Weak Reference
    _handle_redirection                       - Undefined Weak Reference
    _init_alloc                               - Undefined Weak Reference
    _init_user_alloc                          - Undefined Weak Reference
    _initio                                   - Undefined Weak Reference
    _rand_init                                - Undefined Weak Reference
    _signal_finish                            - Undefined Weak Reference
    _signal_init                              - Undefined Weak Reference
    _terminate_alloc                          - Undefined Weak Reference
    _terminate_user_alloc                     - Undefined Weak Reference
    _terminateio                              - Undefined Weak Reference
    __Vectors_Size                           0x000000ec   Number         0  startup_stm32f10x_md.o ABSOLUTE
    __Vectors                                0x08000000   Data           4  startup_stm32f10x_md.o(RESET)
    __Vectors_End                            0x080000ec   Data           0  startup_stm32f10x_md.o(RESET)
    __main                                   0x080000ed   Thumb Code     8  __main.o(!!!main)
    __scatterload                            0x080000f5   Thumb Code     0  __scatter.o(!!!scatter)
    __scatterload_rt2                        0x080000f5   Thumb Code    84  __scatter.o(!!!scatter)
    __scatterload_rt2_thumb_only             0x080000f5   Thumb Code     0  __scatter.o(!!!scatter)
    __scatterload_loop                       0x080000ff   Thumb Code     0  __scatter.o(!!!scatter)
    __scatterload_copy                       0x08000151   Thumb Code    26  __scatter_copy.o(!!handler_copy)
    __scatterload_null                       0x0800016d   Thumb Code     2  __scatter.o(!!handler_null)
    __scatterload_zeroinit                   0x08000171   Thumb Code    28  __scatter_zi.o(!!handler_zi)
    __rt_lib_init                            0x0800018d   Thumb Code     0  libinit.o(.ARM.Collect$$libinit$$00000000)
    __rt_lib_init_alloca_1                   0x0800018f   Thumb Code     0  libinit2.o(.ARM.Collect$$libinit$$00000030)
    __rt_lib_init_argv_1                     0x0800018f   Thumb Code     0  libinit2.o(.ARM.Collect$$libinit$$0000002E)
    __rt_lib_init_atexit_1                   0x0800018f   Thumb Code     0  libinit2.o(.ARM.Collect$$libinit$$0000001D)
    __rt_lib_init_clock_1                    0x0800018f   Thumb Code     0  libinit2.o(.ARM.Collect$$libinit$$00000023)
    __rt_lib_init_cpp_1                      0x0800018f   Thumb Code     0  libinit2.o(.ARM.Collect$$libinit$$00000034)
    __rt_lib_init_exceptions_1               0x0800018f   Thumb Code     0  libinit2.o(.ARM.Collect$$libinit$$00000032)
    __rt_lib_init_fp_1                       0x0800018f   Thumb Code     0  libinit2.o(.ARM.Collect$$libinit$$00000002)
    __rt_lib_init_fp_trap_1                  0x0800018f   Thumb Code     0  libinit2.o(.ARM.Collect$$libinit$$00000021)
    __rt_lib_init_getenv_1                   0x0800018f   Thumb Code     0  libinit2.o(.ARM.Collect$$libinit$$00000025)
    __rt_lib_init_heap_1                     0x0800018f   Thumb Code     0  libinit2.o(.ARM.Collect$$libinit$$0000000C)
    __rt_lib_init_lc_collate_1               0x0800018f   Thumb Code     0  libinit2.o(.ARM.Collect$$libinit$$00000013)
    __rt_lib_init_lc_ctype_1                 0x0800018f   Thumb Code     0  libinit2.o(.ARM.Collect$$libinit$$00000015)
    __rt_lib_init_lc_monetary_1              0x0800018f   Thumb Code     0  libinit2.o(.ARM.Collect$$libinit$$00000017)
    __rt_lib_init_lc_numeric_1               0x0800018f   Thumb Code     0  libinit2.o(.ARM.Collect$$libinit$$00000019)
    __rt_lib_init_lc_time_1                  0x0800018f   Thumb Code     0  libinit2.o(.ARM.Collect$$libinit$$0000001B)
    __rt_lib_init_preinit_1                  0x0800018f   Thumb Code     0  libinit2.o(.ARM.Collect$$libinit$$00000006)
    __rt_lib_init_rand_1                     0x0800018f   Thumb Code     0  libinit2.o(.ARM.Collect$$libinit$$00000010)
    __rt_lib_init_relocate_pie_1             0x0800018f   Thumb Code     0  libinit2.o(.ARM.Collect$$libinit$$00000004)
    __rt_lib_init_return                     0x0800018f   Thumb Code     0  libinit2.o(.ARM.Collect$$libinit$$00000035)
    __rt_lib_init_signal_1                   0x0800018f   Thumb Code     0  libinit2.o(.ARM.Collect$$libinit$$0000001F)
    __rt_lib_init_stdio_1                    0x0800018f   Thumb Code     0  libinit2.o(.ARM.Collect$$libinit$$00000027)
    __rt_lib_init_user_alloc_1               0x0800018f   Thumb Code     0  libinit2.o(.ARM.Collect$$libinit$$0000000E)
    __rt_lib_shutdown                        0x08000191   Thumb Code     0  libshutdown.o(.ARM.Collect$$libshutdown$$00000000)
    __rt_lib_shutdown_cpp_1                  0x08000193   Thumb Code     0  libshutdown2.o(.ARM.Collect$$libshutdown$$00000002)
    __rt_lib_shutdown_fp_trap_1              0x08000193   Thumb Code     0  libshutdown2.o(.ARM.Collect$$libshutdown$$00000007)
    __rt_lib_shutdown_heap_1                 0x08000193   Thumb Code     0  libshutdown2.o(.ARM.Collect$$libshutdown$$0000000F)
    __rt_lib_shutdown_return                 0x08000193   Thumb Code     0  libshutdown2.o(.ARM.Collect$$libshutdown$$00000010)
    __rt_lib_shutdown_signal_1               0x08000193   Thumb Code     0  libshutdown2.o(.ARM.Collect$$libshutdown$$0000000A)
    __rt_lib_shutdown_stdio_1                0x08000193   Thumb Code     0  libshutdown2.o(.ARM.Collect$$libshutdown$$00000004)
    __rt_lib_shutdown_user_alloc_1           0x08000193   Thumb Code     0  libshutdown2.o(.ARM.Collect$$libshutdown$$0000000C)
    __rt_entry                               0x08000195   Thumb Code     0  __rtentry.o(.ARM.Collect$$rtentry$$00000000)
    __rt_entry_presh_1                       0x08000195   Thumb Code     0  __rtentry2.o(.ARM.Collect$$rtentry$$00000002)
    __rt_entry_sh                            0x08000195   Thumb Code     0  __rtentry4.o(.ARM.Collect$$rtentry$$00000004)
    __rt_entry_li                            0x0800019b   Thumb Code     0  __rtentry2.o(.ARM.Collect$$rtentry$$0000000A)
    __rt_entry_postsh_1                      0x0800019b   Thumb Code     0  __rtentry2.o(.ARM.Collect$$rtentry$$00000009)
    __rt_entry_main                          0x0800019f   Thumb Code     0  __rtentry2.o(.ARM.Collect$$rtentry$$0000000D)
    __rt_entry_postli_1                      0x0800019f   Thumb Code     0  __rtentry2.o(.ARM.Collect$$rtentry$$0000000C)
    __rt_exit                                0x080001a7   Thumb Code     0  rtexit.o(.ARM.Collect$$rtexit$$00000000)
    __rt_exit_ls                             0x080001a9   Thumb Code     0  rtexit2.o(.ARM.Collect$$rtexit$$00000003)
    __rt_exit_prels_1                        0x080001a9   Thumb Code     0  rtexit2.o(.ARM.Collect$$rtexit$$00000002)
    __rt_exit_exit                           0x080001ad   Thumb Code     0  rtexit2.o(.ARM.Collect$$rtexit$$00000004)
    Dec2String                               0x080001b5   Thumb Code     0  stringconvent.o(.text)
    Fix2String                               0x08000205   Thumb Code     0  stringconvent.o(.text)
    Reset_Handler                            0x0800026d   Thumb Code     8  startup_stm32f10x_md.o(.text)
    NMI_Handler                              0x08000275   Thumb Code     2  startup_stm32f10x_md.o(.text)
    HardFault_Handler                        0x08000277   Thumb Code     2  startup_stm32f10x_md.o(.text)
    MemManage_Handler                        0x08000279   Thumb Code     2  startup_stm32f10x_md.o(.text)
    BusFault_Handler                         0x0800027b   Thumb Code     2  startup_stm32f10x_md.o(.text)
    UsageFault_Handler                       0x0800027d   Thumb Code     2  startup_stm32f10x_md.o(.text)
    SVC_Handler                              0x0800027f   Thumb Code     2  startup_stm32f10x_md.o(.text)
    DebugMon_Handler                         0x08000281   Thumb Code     2  startup_stm32f10x_md.o(.text)
    PendSV_Handler                           0x08000283   Thumb Code     2  startup_stm32f10x_md.o(.text)
    SysTick_Handler                          0x08000285   Thumb Code     2  startup_stm32f10x_md.o(.text)
    ADC1_2_IRQHandler                        0x08000287   Thumb Code     0  startup_stm32f10x_md.o(.text)
    CAN1_RX1_IRQHandler                      0x08000287   Thumb Code     0  startup_stm32f10x_md.o(.text)
    CAN1_SCE_IRQHandler                      0x08000287   Thumb Code     0  startup_stm32f10x_md.o(.text)
    DMA1_Channel1_IRQHandler                 0x08000287   Thumb Code     0  startup_stm32f10x_md.o(.text)
    DMA1_Channel2_IRQHandler                 0x08000287   Thumb Code     0  startup_stm32f10x_md.o(.text)
    DMA1_Channel3_IRQHandler                 0x08000287   Thumb Code     0  startup_stm32f10x_md.o(.text)
    DMA1_Channel4_IRQHandler                 0x08000287   Thumb Code     0  startup_stm32f10x_md.o(.text)
    DMA1_Channel5_IRQHandler                 0x08000287   Thumb Code     0  startup_stm32f10x_md.o(.text)
    DMA1_Channel6_IRQHandler                 0x08000287   Thumb Code     0  startup_stm32f10x_md.o(.text)
    DMA1_Channel7_IRQHandler                 0x08000287   Thumb Code     0  startup_stm32f10x_md.o(.text)
    EXTI0_IRQHandler                         0x08000287   Thumb Code     0  startup_stm32f10x_md.o(.text)
    EXTI15_10_IRQHandler                     0x08000287   Thumb Code     0  startup_stm32f10x_md.o(.text)
    EXTI1_IRQHandler                         0x08000287   Thumb Code     0  startup_stm32f10x_md.o(.text)
    EXTI2_IRQHandler                         0x08000287   Thumb Code     0  startup_stm32f10x_md.o(.text)
    EXTI3_IRQHandler                         0x08000287   Thumb Code     0  startup_stm32f10x_md.o(.text)
    EXTI4_IRQHandler                         0x08000287   Thumb Code     0  startup_stm32f10x_md.o(.text)
    EXTI9_5_IRQHandler                       0x08000287   Thumb Code     0  startup_stm32f10x_md.o(.text)
    FLASH_IRQHandler                         0x08000287   Thumb Code     0  startup_stm32f10x_md.o(.text)
    I2C1_ER_IRQHandler                       0x08000287   Thumb Code     0  startup_stm32f10x_md.o(.text)
    I2C1_EV_IRQHandler                       0x08000287   Thumb Code     0  startup_stm32f10x_md.o(.text)
    I2C2_ER_IRQHandler                       0x08000287   Thumb Code     0  startup_stm32f10x_md.o(.text)
    I2C2_EV_IRQHandler                       0x08000287   Thumb Code     0  startup_stm32f10x_md.o(.text)
    PVD_IRQHandler                           0x08000287   Thumb Code     0  startup_stm32f10x_md.o(.text)
    RCC_IRQHandler                           0x08000287   Thumb Code     0  startup_stm32f10x_md.o(.text)
    RTCAlarm_IRQHandler                      0x08000287   Thumb Code     0  startup_stm32f10x_md.o(.text)
    RTC_IRQHandler                           0x08000287   Thumb Code     0  startup_stm32f10x_md.o(.text)
    SPI1_IRQHandler                          0x08000287   Thumb Code     0  startup_stm32f10x_md.o(.text)
    SPI2_IRQHandler                          0x08000287   Thumb Code     0  startup_stm32f10x_md.o(.text)
    TAMPER_IRQHandler                        0x08000287   Thumb Code     0  startup_stm32f10x_md.o(.text)
    TIM1_BRK_IRQHandler                      0x08000287   Thumb Code     0  startup_stm32f10x_md.o(.text)
    TIM1_CC_IRQHandler                       0x08000287   Thumb Code     0  startup_stm32f10x_md.o(.text)
    TIM1_TRG_COM_IRQHandler                  0x08000287   Thumb Code     0  startup_stm32f10x_md.o(.text)
    TIM1_UP_IRQHandler                       0x08000287   Thumb Code     0  startup_stm32f10x_md.o(.text)
    TIM2_IRQHandler                          0x08000287   Thumb Code     0  startup_stm32f10x_md.o(.text)
    TIM3_IRQHandler                          0x08000287   Thumb Code     0  startup_stm32f10x_md.o(.text)
    TIM4_IRQHandler                          0x08000287   Thumb Code     0  startup_stm32f10x_md.o(.text)
    USART1_IRQHandler                        0x08000287   Thumb Code     0  startup_stm32f10x_md.o(.text)
    USART2_IRQHandler                        0x08000287   Thumb Code     0  startup_stm32f10x_md.o(.text)
    USART3_IRQHandler                        0x08000287   Thumb Code     0  startup_stm32f10x_md.o(.text)
    USBWakeUp_IRQHandler                     0x08000287   Thumb Code     0  startup_stm32f10x_md.o(.text)
    USB_HP_CAN1_TX_IRQHandler                0x08000287   Thumb Code     0  startup_stm32f10x_md.o(.text)
    USB_LP_CAN1_RX0_IRQHandler               0x08000287   Thumb Code     0  startup_stm32f10x_md.o(.text)
    WWDG_IRQHandler                          0x08000287   Thumb Code     0  startup_stm32f10x_md.o(.text)
    __user_initial_stackheap                 0x08000289   Thumb Code     0  startup_stm32f10x_md.o(.text)
    __use_two_region_memory                  0x080002ad   Thumb Code     2  heapauxi.o(.text)
    __rt_heap_escrow$2region                 0x080002af   Thumb Code     2  heapauxi.o(.text)
    __rt_heap_expand$2region                 0x080002b1   Thumb Code     2  heapauxi.o(.text)
    __user_setup_stackheap                   0x080002b3   Thumb Code    74  sys_stackheap_outer.o(.text)
    exit                                     0x080002fd   Thumb Code    18  exit.o(.text)
    __user_libspace                          0x08000311   Thumb Code     8  libspace.o(.text)
    __user_perproc_libspace                  0x08000311   Thumb Code     0  libspace.o(.text)
    __user_perthread_libspace                0x08000311   Thumb Code     0  libspace.o(.text)
    _sys_exit                                0x08000319   Thumb Code     8  sys_exit.o(.text)
    __I$use$semihosting                      0x08000325   Thumb Code     0  use_no_semi.o(.text)
    __use_no_semihosting_swi                 0x08000325   Thumb Code     2  use_no_semi.o(.text)
    __semihosting_library_function           0x08000327   Thumb Code     0  indicate_semi.o(.text)
    PLL_Init                                 0x08000329   Thumb Code   222  pll.o(.text.PLL_Init)
    SPI1_Transmit                            0x08000409   Thumb Code    68  my_st7735.o(.text.SPI1_Transmit)
    ST7735_DrawBitmap                        0x0800044d   Thumb Code   588  my_st7735.o(.text.ST7735_DrawBitmap)
    ST7735_DrawCharS                         0x08000699   Thumb Code   436  my_st7735.o(.text.ST7735_DrawCharS)
    ST7735_DrawPixel                         0x0800084d   Thumb Code   112  my_st7735.o(.text.ST7735_DrawPixel)
    ST7735_DrawString                        0x080008bd   Thumb Code   154  my_st7735.o(.text.ST7735_DrawString)
    ST7735_FillRect                          0x08000959   Thumb Code   318  my_st7735.o(.text.ST7735_FillRect)
    ST7735_FillScreen                        0x08000a99   Thumb Code    52  my_st7735.o(.text.ST7735_FillScreen)
    ST7735_OutChar                           0x08000acd   Thumb Code   270  my_st7735.o(.text.ST7735_OutChar)
    ST7735_OutFix                            0x08000bdd   Thumb Code   184  my_st7735.o(.text.ST7735_OutFix)
    ST7735_OutString                         0x08000c95   Thumb Code    36  my_st7735.o(.text.ST7735_OutString)
    ST7735_OutUDec                           0x08000cb9   Thumb Code   184  my_st7735.o(.text.ST7735_OutUDec)
    ST7735_SetCursor                         0x08000d71   Thumb Code    54  my_st7735.o(.text.ST7735_SetCursor)
    ST7735_WriteCommand                      0x08000da9   Thumb Code    56  my_st7735.o(.text.ST7735_WriteCommand)
    ST7735_WriteData                         0x08000de1   Thumb Code    56  my_st7735.o(.text.ST7735_WriteData)
    SystemInit                               0x08000f45   Thumb Code   102  system_stm32f10x.o(.text.SystemInit)
    main                                     0x08000fad   Thumb Code   140  main.o(.text.main)
    Logo                                     0x080015e4   Data       12800  main.o(.rodata.Logo)
    TestData                                 0x080047e4   Data          64  main.o(.rodata.TestData)
    Region$$Table$$Base                      0x08004868   Number         0  anon$$obj.o(Region$$Table)
    Region$$Table$$Limit                     0x08004888   Number         0  anon$$obj.o(Region$$Table)
    StTextColor                              0x20000000   Data           2  my_st7735.o(.data.StTextColor)
    __libspace_start                         0x20000008   Data          96  libspace.o(.bss)
    __temporary_stack_top$libspace           0x20000068   Data           0  libspace.o(.bss)
    Message                                  0x20000069   Data          12  my_st7735.o(.bss.Message)
    StX                                      0x20000078   Data           4  my_st7735.o(.bss.StX)
    StY                                      0x2000007c   Data           4  my_st7735.o(.bss.StY)



==============================================================================

Memory Map of the image

  Image Entry point : 0x0800026d

  Load Region LR_1 (Base: 0x08000000, Size: 0x00004890, Max: 0xffffffff, ABSOLUTE)

    Execution Region ER_RO (Exec base: 0x08000000, Load base: 0x08000000, Size: 0x00004888, Max: 0xffffffff, ABSOLUTE)

    Exec Addr    Load Addr    Size         Type   Attr      Idx    E Section Name        Object

    0x08000000   0x08000000   0x000000ec   Data   RO          641    RESET               startup_stm32f10x_md.o
    0x080000ec   0x080000ec   0x00000008   Code   RO          667  * !!!main             c_w.l(__main.o)
    0x080000f4   0x080000f4   0x0000005c   Code   RO          832    !!!scatter          c_w.l(__scatter.o)
    0x08000150   0x08000150   0x0000001a   Code   RO          836    !!handler_copy      c_w.l(__scatter_copy.o)
    0x0800016a   0x0800016a   0x00000002   PAD
    0x0800016c   0x0800016c   0x00000002   Code   RO          833    !!handler_null      c_w.l(__scatter.o)
    0x0800016e   0x0800016e   0x00000002   PAD
    0x08000170   0x08000170   0x0000001c   Code   RO          838    !!handler_zi        c_w.l(__scatter_zi.o)
    0x0800018c   0x0800018c   0x00000002   Code   RO          694    .ARM.Collect$$libinit$$00000000  c_w.l(libinit.o)
    0x0800018e   0x0800018e   0x00000000   Code   RO          701    .ARM.Collect$$libinit$$00000002  c_w.l(libinit2.o)
    0x0800018e   0x0800018e   0x00000000   Code   RO          703    .ARM.Collect$$libinit$$00000004  c_w.l(libinit2.o)
    0x0800018e   0x0800018e   0x00000000   Code   RO          705    .ARM.Collect$$libinit$$00000006  c_w.l(libinit2.o)
    0x0800018e   0x0800018e   0x00000000   Code   RO          708    .ARM.Collect$$libinit$$0000000C  c_w.l(libinit2.o)
    0x0800018e   0x0800018e   0x00000000   Code   RO          710    .ARM.Collect$$libinit$$0000000E  c_w.l(libinit2.o)
    0x0800018e   0x0800018e   0x00000000   Code   RO          712    .ARM.Collect$$libinit$$00000010  c_w.l(libinit2.o)
    0x0800018e   0x0800018e   0x00000000   Code   RO          715    .ARM.Collect$$libinit$$00000013  c_w.l(libinit2.o)
    0x0800018e   0x0800018e   0x00000000   Code   RO          717    .ARM.Collect$$libinit$$00000015  c_w.l(libinit2.o)
    0x0800018e   0x0800018e   0x00000000   Code   RO          719    .ARM.Collect$$libinit$$00000017  c_w.l(libinit2.o)
    0x0800018e   0x0800018e   0x00000000   Code   RO          721    .ARM.Collect$$libinit$$00000019  c_w.l(libinit2.o)
    0x0800018e   0x0800018e   0x00000000   Code   RO          723    .ARM.Collect$$libinit$$0000001B  c_w.l(libinit2.o)
    0x0800018e   0x0800018e   0x00000000   Code   RO          725    .ARM.Collect$$libinit$$0000001D  c_w.l(libinit2.o)
    0x0800018e   0x0800018e   0x00000000   Code   RO          727    .ARM.Collect$$libinit$$0000001F  c_w.l(libinit2.o)
    0x0800018e   0x0800018e   0x00000000   Code   RO          729    .ARM.Collect$$libinit$$00000021  c_w.l(libinit2.o)
    0x0800018e   0x0800018e   0x00000000   Code   RO          731    .ARM.Collect$$libinit$$00000023  c_w.l(libinit2.o)
    0x0800018e   0x0800018e   0x00000000   Code   RO          733    .ARM.Collect$$libinit$$00000025  c_w.l(libinit2.o)
    0x0800018e   0x0800018e   0x00000000   Code   RO          735    .ARM.Collect$$libinit$$00000027  c_w.l(libinit2.o)
    0x0800018e   0x0800018e   0x00000000   Code   RO          739    .ARM.Collect$$libinit$$0000002E  c_w.l(libinit2.o)
    0x0800018e   0x0800018e   0x00000000   Code   RO          741    .ARM.Collect$$libinit$$00000030  c_w.l(libinit2.o)
    0x0800018e   0x0800018e   0x00000000   Code   RO          743    .ARM.Collect$$libinit$$00000032  c_w.l(libinit2.o)
    0x0800018e   0x0800018e   0x00000000   Code   RO          745    .ARM.Collect$$libinit$$00000034  c_w.l(libinit2.o)
    0x0800018e   0x0800018e   0x00000002   Code   RO          746    .ARM.Collect$$libinit$$00000035  c_w.l(libinit2.o)
    0x08000190   0x08000190   0x00000002   Code   RO          768    .ARM.Collect$$libshutdown$$00000000  c_w.l(libshutdown.o)
    0x08000192   0x08000192   0x00000000   Code   RO          783    .ARM.Collect$$libshutdown$$00000002  c_w.l(libshutdown2.o)
    0x08000192   0x08000192   0x00000000   Code   RO          785    .ARM.Collect$$libshutdown$$00000004  c_w.l(libshutdown2.o)
    0x08000192   0x08000192   0x00000000   Code   RO          788    .ARM.Collect$$libshutdown$$00000007  c_w.l(libshutdown2.o)
    0x08000192   0x08000192   0x00000000   Code   RO          791    .ARM.Collect$$libshutdown$$0000000A  c_w.l(libshutdown2.o)
    0x08000192   0x08000192   0x00000000   Code   RO          793    .ARM.Collect$$libshutdown$$0000000C  c_w.l(libshutdown2.o)
    0x08000192   0x08000192   0x00000000   Code   RO          796    .ARM.Collect$$libshutdown$$0000000F  c_w.l(libshutdown2.o)
    0x08000192   0x08000192   0x00000002   Code   RO          797    .ARM.Collect$$libshutdown$$00000010  c_w.l(libshutdown2.o)
    0x08000194   0x08000194   0x00000000   Code   RO          669    .ARM.Collect$$rtentry$$00000000  c_w.l(__rtentry.o)
    0x08000194   0x08000194   0x00000000   Code   RO          671    .ARM.Collect$$rtentry$$00000002  c_w.l(__rtentry2.o)
    0x08000194   0x08000194   0x00000006   Code   RO          683    .ARM.Collect$$rtentry$$00000004  c_w.l(__rtentry4.o)
    0x0800019a   0x0800019a   0x00000000   Code   RO          673    .ARM.Collect$$rtentry$$00000009  c_w.l(__rtentry2.o)
    0x0800019a   0x0800019a   0x00000004   Code   RO          674    .ARM.Collect$$rtentry$$0000000A  c_w.l(__rtentry2.o)
    0x0800019e   0x0800019e   0x00000000   Code   RO          676    .ARM.Collect$$rtentry$$0000000C  c_w.l(__rtentry2.o)
    0x0800019e   0x0800019e   0x00000008   Code   RO          677    .ARM.Collect$$rtentry$$0000000D  c_w.l(__rtentry2.o)
    0x080001a6   0x080001a6   0x00000002   Code   RO          698    .ARM.Collect$$rtexit$$00000000  c_w.l(rtexit.o)
    0x080001a8   0x080001a8   0x00000000   Code   RO          748    .ARM.Collect$$rtexit$$00000002  c_w.l(rtexit2.o)
    0x080001a8   0x080001a8   0x00000004   Code   RO          749    .ARM.Collect$$rtexit$$00000003  c_w.l(rtexit2.o)
    0x080001ac   0x080001ac   0x00000006   Code   RO          750    .ARM.Collect$$rtexit$$00000004  c_w.l(rtexit2.o)
    0x080001b2   0x080001b2   0x00000002   PAD
    0x080001b4   0x080001b4   0x000000b8   Code   RO           21    .text               stringconvent.o
    0x0800026c   0x0800026c   0x00000040   Code   RO          642  * .text               startup_stm32f10x_md.o
    0x080002ac   0x080002ac   0x00000006   Code   RO          665    .text               c_w.l(heapauxi.o)
    0x080002b2   0x080002b2   0x0000004a   Code   RO          685    .text               c_w.l(sys_stackheap_outer.o)
    0x080002fc   0x080002fc   0x00000012   Code   RO          687    .text               c_w.l(exit.o)
    0x0800030e   0x0800030e   0x00000002   PAD
    0x08000310   0x08000310   0x00000008   Code   RO          695    .text               c_w.l(libspace.o)
    0x08000318   0x08000318   0x0000000c   Code   RO          758    .text               c_w.l(sys_exit.o)
    0x08000324   0x08000324   0x00000002   Code   RO          773    .text               c_w.l(use_no_semi.o)
    0x08000326   0x08000326   0x00000000   Code   RO          775    .text               c_w.l(indicate_semi.o)
    0x08000326   0x08000326   0x00000002   PAD
    0x08000328   0x08000328   0x000000de   Code   RO           14    .text.PLL_Init      pll.o
    0x08000406   0x08000406   0x00000002   PAD
    0x08000408   0x08000408   0x00000044   Code   RO           32    .text.SPI1_Transmit  my_st7735.o
    0x0800044c   0x0800044c   0x0000024c   Code   RO           76    .text.ST7735_DrawBitmap  my_st7735.o
    0x08000698   0x08000698   0x000001b4   Code   RO           78    .text.ST7735_DrawCharS  my_st7735.o
    0x0800084c   0x0800084c   0x00000070   Code   RO           54    .text.ST7735_DrawPixel  my_st7735.o
    0x080008bc   0x080008bc   0x0000009a   Code   RO           82    .text.ST7735_DrawString  my_st7735.o
    0x08000956   0x08000956   0x00000002   PAD
    0x08000958   0x08000958   0x0000013e   Code   RO           64    .text.ST7735_FillRect  my_st7735.o
    0x08000a96   0x08000a96   0x00000002   PAD
    0x08000a98   0x08000a98   0x00000034   Code   RO           48    .text.ST7735_FillScreen  my_st7735.o
    0x08000acc   0x08000acc   0x0000010e   Code   RO          108    .text.ST7735_OutChar  my_st7735.o
    0x08000bda   0x08000bda   0x00000002   PAD
    0x08000bdc   0x08000bdc   0x000000b8   Code   RO           86    .text.ST7735_OutFix  my_st7735.o
    0x08000c94   0x08000c94   0x00000024   Code   RO          110    .text.ST7735_OutString  my_st7735.o
    0x08000cb8   0x08000cb8   0x000000b8   Code   RO           84    .text.ST7735_OutUDec  my_st7735.o
    0x08000d70   0x08000d70   0x00000036   Code   RO           46    .text.ST7735_SetCursor  my_st7735.o
    0x08000da6   0x08000da6   0x00000002   PAD
    0x08000da8   0x08000da8   0x00000038   Code   RO           34    .text.ST7735_WriteCommand  my_st7735.o
    0x08000de0   0x08000de0   0x00000038   Code   RO           36    .text.ST7735_WriteData  my_st7735.o
    0x08000e18   0x08000e18   0x00000008   Code   RO          649    .text.SetSysClock   system_stm32f10x.o
    0x08000e20   0x08000e20   0x00000122   Code   RO          653    .text.SetSysClockTo72  system_stm32f10x.o
    0x08000f42   0x08000f42   0x00000002   PAD
    0x08000f44   0x08000f44   0x00000066   Code   RO          647    .text.SystemInit    system_stm32f10x.o
    0x08000faa   0x08000faa   0x00000002   PAD
    0x08000fac   0x08000fac   0x0000008c   Code   RO            2    .text.main          main.o
    0x08001038   0x08001038   0x0000001c   Code   RO           58    .text.pushColor     my_st7735.o
    0x08001054   0x08001054   0x00000094   Code   RO           56    .text.setAddrWindow  my_st7735.o
    0x080010e8   0x080010e8   0x000004fb   Data   RO          145    .rodata.Font        my_st7735.o
    0x080015e3   0x080015e3   0x00000001   PAD
    0x080015e4   0x080015e4   0x00003200   Data   RO            4    .rodata.Logo        main.o
    0x080047e4   0x080047e4   0x00000040   Data   RO            5    .rodata.TestData    main.o
    0x08004824   0x08004824   0x0000002e   Data   RO            6    .rodata.str1.1      main.o
    0x08004852   0x08004852   0x00000016   Data   RO          154    .rodata.str1.1      my_st7735.o
    0x08004868   0x08004868   0x00000020   Data   RO          831    Region$$Table       anon$$obj.o


    Execution Region ER_RW (Exec base: 0x20000000, Load base: 0x08004888, Size: 0x00000008, Max: 0xffffffff, ABSOLUTE)

    Exec Addr    Load Addr    Size         Type   Attr      Idx    E Section Name        Object

    0x20000000   0x08004888   0x00000002   Data   RW          132    .data.StTextColor   my_st7735.o
    0x20000002   0x0800488a   0x00000002   Data   RW          142    .data._height       my_st7735.o
    0x20000004   0x0800488c   0x00000002   Data   RW          141    .data._width        my_st7735.o


    Execution Region ER_ZI (Exec base: 0x20000008, Load base: 0x08004890, Size: 0x00000678, Max: 0xffffffff, ABSOLUTE)

    Exec Addr    Load Addr    Size         Type   Attr      Idx    E Section Name        Object

    0x20000008        -       0x00000060   Zero   RW          696    .bss                c_w.l(libspace.o)
    0x20000068        -       0x00000001   Zero   RW          136    .bss.ColStart       my_st7735.o
    0x20000069        -       0x0000000c   Zero   RW          146    .bss.Message        my_st7735.o
    0x20000075        -       0x00000001   Zero   RW          137    .bss.RowStart       my_st7735.o
    0x20000076   0x08004890   0x00000002   PAD
    0x20000078        -       0x00000004   Zero   RW          130    .bss.StX            my_st7735.o
    0x2000007c        -       0x00000004   Zero   RW          131    .bss.StY            my_st7735.o
    0x20000080        -       0x00000200   Zero   RW          640    HEAP                startup_stm32f10x_md.o
    0x20000280        -       0x00000400   Zero   RW          639    STACK               startup_stm32f10x_md.o


==============================================================================

Image component sizes


      Code (inc. data)   RO Data    RW Data    ZI Data      Debug   Object Name

       140          0      12910          0          0        920   main.o
      2744          0       1297          6         22      14237   my_st7735.o
       222          0          0          0          0       1225   pll.o
        64         26        236          0       1536        844   startup_stm32f10x_md.o
       184          0          0          0          0        348   stringconvent.o
       400          0          0          0          0       3068   system_stm32f10x.o

    ----------------------------------------------------------------------
      3768         26      14476          8       1560      20642   Object Totals
         0          0         32          0          0          0   (incl. Generated)
        14          0          1          2          2          0   (incl. Padding)

    ----------------------------------------------------------------------

      Code (inc. data)   RO Data    RW Data    ZI Data      Debug   Library Member Name

         8          0          0          0          0         68   __main.o
         0          0          0          0          0          0   __rtentry.o
        12          0          0          0          0          0   __rtentry2.o
         6          0          0          0          0          0   __rtentry4.o
        94          8          0          0          0          0   __scatter.o
        26          0          0          0          0          0   __scatter_copy.o
        28          0          0          0          0          0   __scatter_zi.o
        18          0          0          0          0         80   exit.o
         6          0          0          0          0        152   heapauxi.o
         0          0          0          0          0          0   indicate_semi.o
         2          0          0          0          0          0   libinit.o
         2          0          0          0          0          0   libinit2.o
         2          0          0          0          0          0   libshutdown.o
         2          0          0          0          0          0   libshutdown2.o
         8          4          0          0         96         68   libspace.o
         2          0          0          0          0          0   rtexit.o
        10          0          0          0          0          0   rtexit2.o
        12          4          0          0          0         68   sys_exit.o
        74          0          0          0          0         80   sys_stackheap_outer.o
         2          0          0          0          0         68   use_no_semi.o

    ----------------------------------------------------------------------
       324         16          0          0         96        584   Library Totals
        10          0          0          0          0          0   (incl. Padding)

    ----------------------------------------------------------------------

      Code (inc. data)   RO Data    RW Data    ZI Data      Debug   Library Name

       314         16          0          0         96        584   c_w.l

    ----------------------------------------------------------------------
       324         16          0          0         96        584   Library Totals

    ----------------------------------------------------------------------

==============================================================================


      Code (inc. data)   RO Data    RW Data    ZI Data      Debug   

      4092         42      14476          8       1656      21126   Grand Totals
      4092         42      14476          8       1656      21126   ELF Image Totals
      4092         42      14476          8          0          0   ROM Totals

==============================================================================

    Total RO  Size (Code + RO Data)                18568 (  18.13kB)
    Total RW  Size (RW Data + ZI Data)              1664 (   1.62kB)
    Total ROM Size (Code + RO Data + RW Data)      18576 (  18.14kB)

==============================================================================

